Archive member included to satisfy reference by file (symbol)

d:/at32/at32ide/platform/tools/gcc-arm-none-eabi-10.3-2021.10/bin/../lib/gcc/arm-none-eabi/10.3.1/thumb/v7e-m+fp/hard\libgcc.a(_arm_muldf3.o)
                              ./user/main.o (__aeabi_dmul)
d:/at32/at32ide/platform/tools/gcc-arm-none-eabi-10.3-2021.10/bin/../lib/gcc/arm-none-eabi/10.3.1/thumb/v7e-m+fp/hard\libgcc.a(_arm_addsubdf3.o)
                              ./user/main.o (__aeabi_dsub)
d:/at32/at32ide/platform/tools/gcc-arm-none-eabi-10.3-2021.10/bin/../lib/gcc/arm-none-eabi/10.3.1/thumb/v7e-m+fp/hard\libgcc.a(_arm_muldivdf3.o)
                              ./user/main.o (__aeabi_ddiv)
d:/at32/at32ide/platform/tools/gcc-arm-none-eabi-10.3-2021.10/bin/../lib/gcc/arm-none-eabi/10.3.1/thumb/v7e-m+fp/hard\libgcc.a(_arm_fixdfsi.o)
                              ./user/main.o (__aeabi_d2iz)
d:/at32/at32ide/platform/tools/gcc-arm-none-eabi-10.3-2021.10/bin/../lib/gcc/arm-none-eabi/10.3.1/../../../../arm-none-eabi/lib/thumb/v7e-m+fp/hard\libg_nano.a(lib_a-exit.o)
                              d:/at32/at32ide/platform/tools/gcc-arm-none-eabi-10.3-2021.10/bin/../lib/gcc/arm-none-eabi/10.3.1/../../../../arm-none-eabi/lib/thumb/v7e-m+fp/hard/crt0.o (exit)
d:/at32/at32ide/platform/tools/gcc-arm-none-eabi-10.3-2021.10/bin/../lib/gcc/arm-none-eabi/10.3.1/../../../../arm-none-eabi/lib/thumb/v7e-m+fp/hard\libg_nano.a(lib_a-impure.o)
                              d:/at32/at32ide/platform/tools/gcc-arm-none-eabi-10.3-2021.10/bin/../lib/gcc/arm-none-eabi/10.3.1/../../../../arm-none-eabi/lib/thumb/v7e-m+fp/hard\libg_nano.a(lib_a-exit.o) (_global_impure_ptr)
d:/at32/at32ide/platform/tools/gcc-arm-none-eabi-10.3-2021.10/bin/../lib/gcc/arm-none-eabi/10.3.1/../../../../arm-none-eabi/lib/thumb/v7e-m+fp/hard\libg_nano.a(lib_a-init.o)
                              d:/at32/at32ide/platform/tools/gcc-arm-none-eabi-10.3-2021.10/bin/../lib/gcc/arm-none-eabi/10.3.1/../../../../arm-none-eabi/lib/thumb/v7e-m+fp/hard/crt0.o (__libc_init_array)
d:/at32/at32ide/platform/tools/gcc-arm-none-eabi-10.3-2021.10/bin/../lib/gcc/arm-none-eabi/10.3.1/../../../../arm-none-eabi/lib/thumb/v7e-m+fp/hard\libg_nano.a(lib_a-memset.o)
                              d:/at32/at32ide/platform/tools/gcc-arm-none-eabi-10.3-2021.10/bin/../lib/gcc/arm-none-eabi/10.3.1/../../../../arm-none-eabi/lib/thumb/v7e-m+fp/hard/crt0.o (memset)
d:/at32/at32ide/platform/tools/gcc-arm-none-eabi-10.3-2021.10/bin/../lib/gcc/arm-none-eabi/10.3.1/../../../../arm-none-eabi/lib/thumb/v7e-m+fp/hard\libg_nano.a(lib_a-nano-vfprintf_float.o)
                              (_printf_float)
d:/at32/at32ide/platform/tools/gcc-arm-none-eabi-10.3-2021.10/bin/../lib/gcc/arm-none-eabi/10.3.1/../../../../arm-none-eabi/lib/thumb/v7e-m+fp/hard\libg_nano.a(lib_a-nano-vfprintf_i.o)
                              d:/at32/at32ide/platform/tools/gcc-arm-none-eabi-10.3-2021.10/bin/../lib/gcc/arm-none-eabi/10.3.1/../../../../arm-none-eabi/lib/thumb/v7e-m+fp/hard\libg_nano.a(lib_a-nano-vfprintf_float.o) (_printf_common)
d:/at32/at32ide/platform/tools/gcc-arm-none-eabi-10.3-2021.10/bin/../lib/gcc/arm-none-eabi/10.3.1/../../../../arm-none-eabi/lib/thumb/v7e-m+fp/hard\libg_nano.a(lib_a-nano-vfscanf_float.o)
                              (_scanf_float)
d:/at32/at32ide/platform/tools/gcc-arm-none-eabi-10.3-2021.10/bin/../lib/gcc/arm-none-eabi/10.3.1/../../../../arm-none-eabi/lib/thumb/v7e-m+fp/hard\libg_nano.a(lib_a-printf.o)
                              ./user/main.o (printf)
d:/at32/at32ide/platform/tools/gcc-arm-none-eabi-10.3-2021.10/bin/../lib/gcc/arm-none-eabi/10.3.1/../../../../arm-none-eabi/lib/thumb/v7e-m+fp/hard\libg_nano.a(lib_a-puts.o)
                              ./user/main.o (puts)
d:/at32/at32ide/platform/tools/gcc-arm-none-eabi-10.3-2021.10/bin/../lib/gcc/arm-none-eabi/10.3.1/../../../../arm-none-eabi/lib/thumb/v7e-m+fp/hard\libg_nano.a(lib_a-setvbuf.o)
                              ./bsp/at32f403a_407_board.o (setvbuf)
d:/at32/at32ide/platform/tools/gcc-arm-none-eabi-10.3-2021.10/bin/../lib/gcc/arm-none-eabi/10.3.1/../../../../arm-none-eabi/lib/thumb/v7e-m+fp/hard\libg_nano.a(lib_a-sf_nan.o)
                              d:/at32/at32ide/platform/tools/gcc-arm-none-eabi-10.3-2021.10/bin/../lib/gcc/arm-none-eabi/10.3.1/../../../../arm-none-eabi/lib/thumb/v7e-m+fp/hard\libg_nano.a(lib_a-nano-vfscanf_float.o) (nanf)
d:/at32/at32ide/platform/tools/gcc-arm-none-eabi-10.3-2021.10/bin/../lib/gcc/arm-none-eabi/10.3.1/../../../../arm-none-eabi/lib/thumb/v7e-m+fp/hard\libg_nano.a(lib_a-sprintf.o)
                              ./firmware/xmc_lcd.o (sprintf)
d:/at32/at32ide/platform/tools/gcc-arm-none-eabi-10.3-2021.10/bin/../lib/gcc/arm-none-eabi/10.3.1/../../../../arm-none-eabi/lib/thumb/v7e-m+fp/hard\libg_nano.a(lib_a-strlen.o)
                              ./firmware/xmc_lcd.o (strlen)
[...]
Memory Configuration

Name             Origin             Length             Attributes
FLASH            0x08000000         0x00100000         xr
RAM              0x20000000         0x00018000         xrw
SPIM             0x08400000         0x01000000         xr
*default*        0x00000000         0xffffffff

Linker script and memory map

LOAD d:/at32/at32ide/platform/tools/gcc-arm-none-eabi-10.3-2021.10/bin/../lib/gcc/arm-none-eabi/10.3.1/thumb/v7e-m+fp/hard/crti.o
LOAD d:/at32/at32ide/platform/tools/gcc-arm-none-eabi-10.3-2021.10/bin/../lib/gcc/arm-none-eabi/10.3.1/thumb/v7e-m+fp/hard/crtbegin.o
LOAD d:/at32/at32ide/platform/tools/gcc-arm-none-eabi-10.3-2021.10/bin/../lib/gcc/arm-none-eabi/10.3.1/../../../../arm-none-eabi/lib/thumb/v7e-m+fp/hard/crt0.o
LOAD ./user/at32f403a_407_clock.o
LOAD ./user/at32f403a_407_int.o
LOAD ./user/main.o
LOAD ./firmware/at32f403a_407_acc.o
LOAD ./firmware/at32f403a_407_adc.o
LOAD ./firmware/at32f403a_407_bpr.o
LOAD ./firmware/at32f403a_407_can.o
LOAD ./firmware/at32f403a_407_crc.o
LOAD ./firmware/at32f403a_407_crm.o
LOAD ./firmware/at32f403a_407_dac.o
LOAD ./firmware/at32f403a_407_debug.o
LOAD ./firmware/at32f403a_407_dma.o
LOAD ./firmware/at32f403a_407_emac.o
LOAD ./firmware/at32f403a_407_exint.o
LOAD ./firmware/at32f403a_407_flash.o
LOAD ./firmware/at32f403a_407_gpio.o
LOAD ./firmware/at32f403a_407_i2c.o
LOAD ./firmware/at32f403a_407_misc.o
LOAD ./firmware/at32f403a_407_pwc.o
LOAD ./firmware/at32f403a_407_rtc.o
LOAD ./firmware/at32f403a_407_sdio.o
LOAD ./firmware/at32f403a_407_spi.o
LOAD ./firmware/at32f403a_407_tmr.o
LOAD ./firmware/at32f403a_407_usart.o
LOAD ./firmware/at32f403a_407_usb.o
LOAD ./firmware/at32f403a_407_wdt.o
LOAD ./firmware/at32f403a_407_wwdt.o
LOAD ./firmware/at32f403a_407_xmc.o
LOAD ./firmware/touch.o
LOAD ./firmware/xmc_lcd.o
LOAD ./cmsis/startup_at32f403a_407.o
LOAD ./cmsis/system_at32f403a_407.o
LOAD ./bsp/at32f403a_407_board.o
START GROUP
LOAD d:/at32/at32ide/platform/tools/gcc-arm-none-eabi-10.3-2021.10/bin/../lib/gcc/arm-none-eabi/10.3.1/thumb/v7e-m+fp/hard\libgcc.a
LOAD d:/at32/at32ide/platform/tools/gcc-arm-none-eabi-10.3-2021.10/bin/../lib/gcc/arm-none-eabi/10.3.1/../../../../arm-none-eabi/lib/thumb/v7e-m+fp/hard\libg_nano.a
LOAD d:/at32/at32ide/platform/tools/gcc-arm-none-eabi-10.3-2021.10/bin/../lib/gcc/arm-none-eabi/10.3.1/../../../../arm-none-eabi/lib/thumb/v7e-m+fp/hard\libc_nano.a
END GROUP
START GROUP
LOAD d:/at32/at32ide/platform/tools/gcc-arm-none-eabi-10.3-2021.10/bin/../lib/gcc/arm-none-eabi/10.3.1/thumb/v7e-m+fp/hard\libgcc.a
LOAD d:/at32/at32ide/platform/tools/gcc-arm-none-eabi-10.3-2021.10/bin/../lib/gcc/arm-none-eabi/10.3.1/../../../../arm-none-eabi/lib/thumb/v7e-m+fp/hard\libc_nano.a
LOAD d:/at32/at32ide/platform/tools/gcc-arm-none-eabi-10.3-2021.10/bin/../lib/gcc/arm-none-eabi/10.3.1/../../../../arm-none-eabi/lib/thumb/v7e-m+fp/hard\libnosys.a
END GROUP
START GROUP
LOAD d:/at32/at32ide/platform/tools/gcc-arm-none-eabi-10.3-2021.10/bin/../lib/gcc/arm-none-eabi/10.3.1/thumb/v7e-m+fp/hard\libgcc.a
LOAD d:/at32/at32ide/platform/tools/gcc-arm-none-eabi-10.3-2021.10/bin/../lib/gcc/arm-none-eabi/10.3.1/../../../../arm-none-eabi/lib/thumb/v7e-m+fp/hard\libc_nano.a
LOAD d:/at32/at32ide/platform/tools/gcc-arm-none-eabi-10.3-2021.10/bin/../lib/gcc/arm-none-eabi/10.3.1/../../../../arm-none-eabi/lib/thumb/v7e-m+fp/hard\libnosys.a
END GROUP
LOAD d:/at32/at32ide/platform/tools/gcc-arm-none-eabi-10.3-2021.10/bin/../lib/gcc/arm-none-eabi/10.3.1/thumb/v7e-m+fp/hard/crtend.o
LOAD d:/at32/at32ide/platform/tools/gcc-arm-none-eabi-10.3-2021.10/bin/../lib/gcc/arm-none-eabi/10.3.1/thumb/v7e-m+fp/hard/crtn.o
                0x20018000                _estack = 0x20018000
                0x00000200                _Min_Heap_Size = 0x200
                0x00000400                _Min_Stack_Size = 0x400

.isr_vector     0x08000000      0x184
                0x08000000                . = ALIGN (0x4)
 *(.isr_vector)
 .isr_vector    0x08000000      0x184 ./cmsis/startup_at32f403a_407.o
                0x08000000                g_pfnVectors
                0x08000184                . = ALIGN (0x4)

.text           0x08000190     0x7dcc
                0x08000190                . = ALIGN (0x4)
 *(.text)
 .text          0x08000190       0x40 d:/at32/at32ide/platform/tools/gcc-arm-none-eabi-10.3-2021.10/bin/../lib/gcc/arm-none-eabi/10.3.1/thumb/v7e-m+fp/hard/crtbegin.o
 .text          0x080001d0      0x378 d:/at32/at32ide/platform/tools/gcc-arm-none-eabi-10.3-2021.10/bin/../lib/gcc/arm-none-eabi/10.3.1/thumb/v7e-m+fp/hard\libgcc.a(_arm_addsubdf3.o)
                0x080001d0                __aeabi_drsub
                0x080001d8                __aeabi_dsub
                0x080001d8                __subdf3
                0x080001dc                __aeabi_dadd
                0x080001dc                __adddf3
                0x08000454                __floatunsidf
                0x08000454                __aeabi_ui2d
                0x08000474                __floatsidf
                0x08000474                __aeabi_i2d
                0x08000498                __aeabi_f2d
                0x08000498                __extendsfdf2
                0x080004dc                __floatundidf
                0x080004dc                __aeabi_ul2d
                0x080004ec                __floatdidf
                0x080004ec                __aeabi_l2d
 .text          0x08000548      0x424 d:/at32/at32ide/platform/tools/gcc-arm-none-eabi-10.3-2021.10/bin/../lib/gcc/arm-none-eabi/10.3.1/thumb/v7e-m+fp/hard\libgcc.a(_arm_muldivdf3.o)
                0x08000548                __aeabi_dmul
                0x08000548                __muldf3
                0x0800079c                __divdf3
                0x0800079c                __aeabi_ddiv
 .text          0x0800096c       0x50 d:/at32/at32ide/platform/tools/gcc-arm-none-eabi-10.3-2021.10/bin/../lib/gcc/arm-none-eabi/10.3.1/thumb/v7e-m+fp/hard\libgcc.a(_arm_fixdfsi.o)
                0x0800096c                __aeabi_d2iz
                0x0800096c                __fixdfsi
 .text          0x080009bc       0x10 d:/at32/at32ide/platform/tools/gcc-arm-none-eabi-10.3-2021.10/bin/../lib/gcc/arm-none-eabi/10.3.1/../../../../arm-none-eabi/lib/thumb/v7e-m+fp/hard\libg_nano.a(lib_a-strlen.o)
                0x080009bc                strlen
 *fill*         0x080009cc        0x4 
 .text          0x080009d0       0xa0 d:/at32/at32ide/platform/tools/gcc-arm-none-eabi-10.3-2021.10/bin/../lib/gcc/arm-none-eabi/10.3.1/../../../../arm-none-eabi/lib/thumb/v7e-m+fp/hard\libg_nano.a(lib_a-memchr.o)
                0x080009d0                memchr
 .text          0x08000a70      0x110 d:/at32/at32ide/platform/tools/gcc-arm-none-eabi-10.3-2021.10/bin/../lib/gcc/arm-none-eabi/10.3.1/thumb/v7e-m+fp/hard\libgcc.a(_arm_cmpdf2.o)
                0x08000a70                __gtdf2
                0x08000a70                __gedf2
                0x08000a78                __ltdf2
                0x08000a78                __ledf2
                0x08000a80                __nedf2
                0x08000a80                __eqdf2
                0x08000a80                __cmpdf2
                0x08000afc                __aeabi_cdrcmple
                0x08000b0c                __aeabi_cdcmpeq
                0x08000b0c                __aeabi_cdcmple
                0x08000b1c                __aeabi_dcmpeq
                0x08000b30                __aeabi_dcmplt
                0x08000b44                __aeabi_dcmple
                0x08000b58                __aeabi_dcmpge
                0x08000b6c                __aeabi_dcmpgt
 .text          0x08000b80       0x2c d:/at32/at32ide/platform/tools/gcc-arm-none-eabi-10.3-2021.10/bin/../lib/gcc/arm-none-eabi/10.3.1/thumb/v7e-m+fp/hard\libgcc.a(_arm_unorddf2.o)
                0x08000b80                __unorddf2
                0x08000b80                __aeabi_dcmpun
 .text          0x08000bac       0x40 d:/at32/at32ide/platform/tools/gcc-arm-none-eabi-10.3-2021.10/bin/../lib/gcc/arm-none-eabi/10.3.1/thumb/v7e-m+fp/hard\libgcc.a(_arm_fixunsdfsi.o)
                0x08000bac                __aeabi_d2uiz
                0x08000bac                __fixunsdfsi
 .text          0x08000bec       0xa0 d:/at32/at32ide/platform/tools/gcc-arm-none-eabi-10.3-2021.10/bin/../lib/gcc/arm-none-eabi/10.3.1/thumb/v7e-m+fp/hard\libgcc.a(_arm_truncdfsf2.o)
                0x08000bec                __truncdfsf2
                0x08000bec                __aeabi_d2f
 .text          0x08000c8c       0x30 d:/at32/at32ide/platform/tools/gcc-arm-none-eabi-10.3-2021.10/bin/../lib/gcc/arm-none-eabi/10.3.1/thumb/v7e-m+fp/hard\libgcc.a(_fixdfdi.o)
                0x08000c8c                __fixdfdi
                0x08000c8c                __aeabi_d2lz
 .text          0x08000cbc       0x3c d:/at32/at32ide/platform/tools/gcc-arm-none-eabi-10.3-2021.10/bin/../lib/gcc/arm-none-eabi/10.3.1/thumb/v7e-m+fp/hard\libgcc.a(_fixunsdfdi.o)
                0x08000cbc                __fixunsdfdi
                0x08000cbc                __aeabi_d2ulz
 *(.text*)
 .text.system_clock_config
                0x08000cf8       0x7a ./user/at32f403a_407_clock.o
                0x08000cf8                system_clock_config
 .text.NMI_Handler
                0x08000d72        0xe ./user/at32f403a_407_int.o
                0x08000d72                NMI_Handler
 .text.HardFault_Handler
                0x08000d80        0x6 ./user/at32f403a_407_int.o
                0x08000d80                HardFault_Handler
 .text.MemManage_Handler
                0x08000d86        0x6 ./user/at32f403a_407_int.o
                0x08000d86                MemManage_Handler
 .text.BusFault_Handler
                0x08000d8c        0x6 ./user/at32f403a_407_int.o
                0x08000d8c                BusFault_Handler
 .text.UsageFault_Handler
                0x08000d92        0x6 ./user/at32f403a_407_int.o
                0x08000d92                UsageFault_Handler
 .text.SVC_Handler
                0x08000d98        0xe ./user/at32f403a_407_int.o
                0x08000d98                SVC_Handler
 .text.DebugMon_Handler
                0x08000da6        0xe ./user/at32f403a_407_int.o
                0x08000da6                DebugMon_Handler
 .text.PendSV_Handler
                0x08000db4        0xe ./user/at32f403a_407_int.o
                0x08000db4                PendSV_Handler
 .text.SysTick_Handler
                0x08000dc2        0xe ./user/at32f403a_407_int.o
                0x08000dc2                SysTick_Handler
 .text.button_isr
                0x08000dd0       0x40 ./user/main.o
                0x08000dd0                button_isr
 .text.EXINT0_IRQHandler
                0x08000e10        0xc ./user/main.o
                0x08000e10                EXINT0_IRQHandler
 .text.USART1_config
                0x08000e1c       0x6c ./user/main.o
 .text.DMA1_config
                0x08000e88       0x6c ./user/main.o
 .text.ADC1_config
                0x08000ef4       0xa8 ./user/main.o
 *fill*         0x08000f9c        0x4 
 .text.main     0x08000fa0      0x190 ./user/main.o
                0x08000fa0                main
 .text.adc_reset
                0x08001130       0x74 ./firmware/at32f403a_407_adc.o
                0x08001130                adc_reset
 .text.adc_enable
                0x080011a4       0x2a ./firmware/at32f403a_407_adc.o
                0x080011a4                adc_enable
 *fill*         0x080011ce        0x2 
 .text.adc_combine_mode_select
                0x080011d0       0x2c ./firmware/at32f403a_407_adc.o
                0x080011d0                adc_combine_mode_select
 .text.adc_base_default_para_init
                0x080011fc       0x2c ./firmware/at32f403a_407_adc.o
                0x080011fc                adc_base_default_para_init
 .text.adc_base_config
                0x08001228       0x6a ./firmware/at32f403a_407_adc.o
                0x08001228                adc_base_config
 .text.adc_dma_mode_enable
                0x08001292       0x2a ./firmware/at32f403a_407_adc.o
                0x08001292                adc_dma_mode_enable
 .text.adc_calibration_init
                0x080012bc       0x1e ./firmware/at32f403a_407_adc.o
                0x080012bc                adc_calibration_init
 .text.adc_calibration_init_status_get
                0x080012da       0x28 ./firmware/at32f403a_407_adc.o
                0x080012da                adc_calibration_init_status_get
 .text.adc_calibration_start
                0x08001302       0x1e ./firmware/at32f403a_407_adc.o
                0x08001302                adc_calibration_start
 .text.adc_calibration_status_get
                0x08001320       0x28 ./firmware/at32f403a_407_adc.o
                0x08001320                adc_calibration_status_get
 .text.adc_ordinary_channel_set
                0x08001348      0x178 ./firmware/at32f403a_407_adc.o
                0x08001348                adc_ordinary_channel_set
 .text.adc_ordinary_conversion_trigger_set
                0x080014c0       0x6e ./firmware/at32f403a_407_adc.o
                0x080014c0                adc_ordinary_conversion_trigger_set
 *fill*         0x0800152e        0x2 
 .text.adc_tempersensor_vintrv_enable
                0x08001530       0x2c ./firmware/at32f403a_407_adc.o
                0x08001530                adc_tempersensor_vintrv_enable
 .text.adc_ordinary_software_trigger_enable
                0x0800155c       0x2a ./firmware/at32f403a_407_adc.o
                0x0800155c                adc_ordinary_software_trigger_enable
 *fill*         0x08001586        0x2 
 .text.crm_reset
                0x08001588       0x6c ./firmware/at32f403a_407_crm.o
                0x08001588                crm_reset
 .text.crm_flag_get
                0x080015f4       0x50 ./firmware/at32f403a_407_crm.o
                0x080015f4                crm_flag_get
 .text.crm_hext_stable_wait
                0x08001644       0x4a ./firmware/at32f403a_407_crm.o
                0x08001644                crm_hext_stable_wait
 .text.crm_periph_clock_enable
                0x0800168e       0x7c ./firmware/at32f403a_407_crm.o
                0x0800168e                crm_periph_clock_enable
 .text.crm_periph_reset
                0x0800170a       0x7c ./firmware/at32f403a_407_crm.o
                0x0800170a                crm_periph_reset
 *fill*         0x08001786        0x2 
 .text.crm_clock_source_enable
                0x08001788       0xa8 ./firmware/at32f403a_407_crm.o
                0x08001788                crm_clock_source_enable
 .text.crm_ahb_div_set
                0x08001830       0x2c ./firmware/at32f403a_407_crm.o
                0x08001830                crm_ahb_div_set
 .text.crm_apb1_div_set
                0x0800185c       0x2c ./firmware/at32f403a_407_crm.o
                0x0800185c                crm_apb1_div_set
 .text.crm_apb2_div_set
                0x08001888       0x2c ./firmware/at32f403a_407_crm.o
                0x08001888                crm_apb2_div_set
 .text.crm_adc_clock_div_set
                0x080018b4       0x44 ./firmware/at32f403a_407_crm.o
                0x080018b4                crm_adc_clock_div_set
 .text.crm_pll_config
                0x080018f8       0x9c ./firmware/at32f403a_407_crm.o
                0x080018f8                crm_pll_config
 .text.crm_sysclk_switch
                0x08001994       0x2c ./firmware/at32f403a_407_crm.o
                0x08001994                crm_sysclk_switch
 .text.crm_sysclk_switch_status_get
                0x080019c0       0x1c ./firmware/at32f403a_407_crm.o
                0x080019c0                crm_sysclk_switch_status_get
 .text.crm_clocks_freq_get
                0x080019dc      0x1d4 ./firmware/at32f403a_407_crm.o
                0x080019dc                crm_clocks_freq_get
 .text.crm_auto_step_mode_enable
                0x08001bb0       0x38 ./firmware/at32f403a_407_crm.o
                0x08001bb0                crm_auto_step_mode_enable
 .text.crm_hext_clock_div_set
                0x08001be8       0x2c ./firmware/at32f403a_407_crm.o
                0x08001be8                crm_hext_clock_div_set
 .text.dma_reset
                0x08001c14       0xac ./firmware/at32f403a_407_dma.o
                0x08001c14                dma_reset
 .text.dma_channel_enable
                0x08001cc0       0x2a ./firmware/at32f403a_407_dma.o
                0x08001cc0                dma_channel_enable
 *fill*         0x08001cea        0x2 
 .text.dma_flag_get
                0x08001cec       0x50 ./firmware/at32f403a_407_dma.o
                0x08001cec                dma_flag_get
 .text.dma_flag_clear
                0x08001d3c       0x38 ./firmware/at32f403a_407_dma.o
                0x08001d3c                dma_flag_clear
 .text.dma_default_para_init
                0x08001d74       0x50 ./firmware/at32f403a_407_dma.o
                0x08001d74                dma_default_para_init
 .text.dma_init
                0x08001dc4       0xc4 ./firmware/at32f403a_407_dma.o
                0x08001dc4                dma_init
 .text.exint_flag_clear
                0x08001e88       0x3c ./firmware/at32f403a_407_exint.o
                0x08001e88                exint_flag_clear
 .text.gpio_init
                0x08001ec4      0x138 ./firmware/at32f403a_407_gpio.o
                0x08001ec4                gpio_init
 .text.gpio_default_para_init
                0x08001ffc       0x34 ./firmware/at32f403a_407_gpio.o
                0x08001ffc                gpio_default_para_init
 .text.gpio_input_data_bit_read
                0x08002030       0x36 ./firmware/at32f403a_407_gpio.o
                0x08002030                gpio_input_data_bit_read
 .text.gpio_bits_set
                0x08002066       0x1e ./firmware/at32f403a_407_gpio.o
                0x08002066                gpio_bits_set
 .text.gpio_pin_remap_config
                0x08002084       0x98 ./firmware/at32f403a_407_gpio.o
                0x08002084                gpio_pin_remap_config
 .text.__NVIC_SetPriorityGrouping
                0x0800211c       0x48 ./firmware/at32f403a_407_misc.o
 .text.nvic_priority_group_config
                0x08002164       0x1a ./firmware/at32f403a_407_misc.o
                0x08002164                nvic_priority_group_config
 *fill*         0x0800217e        0x2 
 .text.systick_clock_source_config
                0x08002180       0x3c ./firmware/at32f403a_407_misc.o
                0x08002180                systick_clock_source_config
 .text.usart_init
                0x080021bc       0xe0 ./firmware/at32f403a_407_usart.o
                0x080021bc                usart_init
 .text.usart_enable
                0x0800229c       0x2a ./firmware/at32f403a_407_usart.o
                0x0800229c                usart_enable
 .text.usart_transmitter_enable
                0x080022c6       0x2a ./firmware/at32f403a_407_usart.o
                0x080022c6                usart_transmitter_enable
 .text.usart_data_transmit
                0x080022f0       0x22 ./firmware/at32f403a_407_usart.o
                0x080022f0                usart_data_transmit
 .text.usart_flag_get
                0x08002312       0x28 ./firmware/at32f403a_407_usart.o
                0x08002312                usart_flag_get
 .text.xmc_nor_sram_init
                0x0800233a       0x8a ./firmware/at32f403a_407_xmc.o
                0x0800233a                xmc_nor_sram_init
 .text.xmc_nor_sram_timing_config
                0x080023c4       0xba ./firmware/at32f403a_407_xmc.o
                0x080023c4                xmc_nor_sram_timing_config
 .text.xmc_norsram_default_para_init
                0x0800247e       0x66 ./firmware/at32f403a_407_xmc.o
                0x0800247e                xmc_norsram_default_para_init
 .text.xmc_norsram_timing_default_para_init
                0x080024e4       0x82 ./firmware/at32f403a_407_xmc.o
                0x080024e4                xmc_norsram_timing_default_para_init
 .text.xmc_nor_sram_enable
                0x08002566       0x36 ./firmware/at32f403a_407_xmc.o
                0x08002566                xmc_nor_sram_enable
 .text.xmc_ext_timing_config
                0x0800259c       0x56 ./firmware/at32f403a_407_xmc.o
                0x0800259c                xmc_ext_timing_config
 *fill*         0x080025f2        0x2 
 .text.xmc_init
                0x080025f4      0x2dc ./firmware/xmc_lcd.o
                0x080025f4                xmc_init
 .text.lcd_init
                0x080028d0      0x318 ./firmware/xmc_lcd.o
                0x080028d0                lcd_init
 .text.lcd_wr_command
                0x08002be8       0x20 ./firmware/xmc_lcd.o
                0x08002be8                lcd_wr_command
 .text.lcd_wr_data
                0x08002c08       0x20 ./firmware/xmc_lcd.o
                0x08002c08                lcd_wr_data
 .text.lcd_rd_data
                0x08002c28       0x20 ./firmware/xmc_lcd.o
                0x08002c28                lcd_rd_data
 .text.lcd_set_block
                0x08002c48       0x88 ./firmware/xmc_lcd.o
                0x08002c48                lcd_set_block
 .text.lcd_write_one_point
                0x08002cd0       0x1a ./firmware/xmc_lcd.o
                0x08002cd0                lcd_write_one_point
 *fill*         0x08002cea        0x2 
 .text.lcd_draw_point
                0x08002cec       0x38 ./firmware/xmc_lcd.o
                0x08002cec                lcd_draw_point
 .text.lcd_clear
                0x08002d24       0x48 ./firmware/xmc_lcd.o
                0x08002d24                lcd_clear
 .text.lcd_write_char
                0x08002d6c       0xf4 ./firmware/xmc_lcd.o
                0x08002d6c                lcd_write_char
 .text.lcd_write_string
                0x08002e60       0x5e ./firmware/xmc_lcd.o
                0x08002e60                lcd_write_string
 *fill*         0x08002ebe        0x2 
 .text.lcd_write_num
                0x08002ec0       0x94 ./firmware/xmc_lcd.o
                0x08002ec0                lcd_write_num
 .text.Reset_Handler
                0x08002f54       0x48 ./cmsis/startup_at32f403a_407.o
                0x08002f54                Reset_Handler
 .text.Default_Handler
                0x08002f9c        0x2 ./cmsis/startup_at32f403a_407.o
                0x08002f9c                SDIO1_IRQHandler
                0x08002f9c                XMC_IRQHandler
                0x08002f9c                EXINT2_IRQHandler
                0x08002f9c                USBFS_L_CAN1_RX0_IRQHandler
                0x08002f9c                UART8_IRQHandler
                0x08002f9c                SPI4_IRQHandler
                0x08002f9c                I2C2_EVT_IRQHandler
                0x08002f9c                TMR1_OVF_TMR10_IRQHandler
                0x08002f9c                TMR8_TRG_HALL_TMR14_IRQHandler
                0x08002f9c                USBFS_H_CAN1_TX_IRQHandler
                0x08002f9c                I2C1_ERR_IRQHandler
                0x08002f9c                EXINT9_5_IRQHandler
                0x08002f9c                EMAC_IRQHandler
                0x08002f9c                CAN2_RX1_IRQHandler
                0x08002f9c                TMR5_GLOBAL_IRQHandler
                0x08002f9c                SDIO2_IRQHandler
                0x08002f9c                ADC1_2_IRQHandler
                0x08002f9c                SPI1_IRQHandler
                0x08002f9c                TAMPER_IRQHandler
                0x08002f9c                CAN2_RX0_IRQHandler
                0x08002f9c                DMA2_Channel2_IRQHandler
                0x08002f9c                DMA1_Channel4_IRQHandler
                0x08002f9c                TMR8_CH_IRQHandler
                0x08002f9c                USART6_IRQHandler
                0x08002f9c                USART3_IRQHandler
                0x08002f9c                RTC_IRQHandler
                0x08002f9c                DMA1_Channel7_IRQHandler
                0x08002f9c                CAN1_RX1_IRQHandler
                0x08002f9c                UART5_IRQHandler
                0x08002f9c                ADC3_IRQHandler
                0x08002f9c                ACC_IRQHandler
                0x08002f9c                EMAC_WKUP_IRQHandler
                0x08002f9c                DMA2_Channel1_IRQHandler
                0x08002f9c                EXINT3_IRQHandler
                0x08002f9c                DMA1_Channel6_IRQHandler
                0x08002f9c                UART4_IRQHandler
                0x08002f9c                DMA1_Channel1_IRQHandler
                0x08002f9c                Default_Handler
                0x08002f9c                USBFS_MAPH_IRQHandler
                0x08002f9c                TMR3_GLOBAL_IRQHandler
                0x08002f9c                TMR7_GLOBAL_IRQHandler
                0x08002f9c                CAN1_SE_IRQHandler
                0x08002f9c                CAN2_TX_IRQHandler
                0x08002f9c                I2C3_ERR_IRQHandler
                0x08002f9c                SPI3_I2S3EXT_IRQHandler
                0x08002f9c                TMR1_BRK_TMR9_IRQHandler
                0x08002f9c                USBFS_MAPL_IRQHandler
                0x08002f9c                TMR8_BRK_TMR12_IRQHandler
                0x08002f9c                TMR1_TRG_HALL_TMR11_IRQHandler
                0x08002f9c                DMA1_Channel5_IRQHandler
                0x08002f9c                TMR4_GLOBAL_IRQHandler
                0x08002f9c                EXINT4_IRQHandler
                0x08002f9c                CAN2_SE_IRQHandler
                0x08002f9c                DMA2_Channel6_7_IRQHandler
                0x08002f9c                PVM_IRQHandler
                0x08002f9c                I2C3_EVT_IRQHandler
                0x08002f9c                DMA1_Channel3_IRQHandler
                0x08002f9c                I2C1_EVT_IRQHandler
                0x08002f9c                TMR8_OVF_TMR13_IRQHandler
                0x08002f9c                TMR6_GLOBAL_IRQHandler
                0x08002f9c                EXINT1_IRQHandler
                0x08002f9c                RTCAlarm_IRQHandler
                0x08002f9c                DMA2_Channel4_5_IRQHandler
                0x08002f9c                UART7_IRQHandler
                0x08002f9c                USART2_IRQHandler
                0x08002f9c                DMA1_Channel2_IRQHandler
                0x08002f9c                TMR2_GLOBAL_IRQHandler
                0x08002f9c                FLASH_IRQHandler
                0x08002f9c                SPI2_I2S2EXT_IRQHandler
                0x08002f9c                I2C2_ERR_IRQHandler
                0x08002f9c                USBFSWakeUp_IRQHandler
                0x08002f9c                USART1_IRQHandler
                0x08002f9c                TMR1_CH_IRQHandler
                0x08002f9c                CRM_IRQHandler
                0x08002f9c                EXINT15_10_IRQHandler
                0x08002f9c                WWDT_IRQHandler
                0x08002f9c                DMA2_Channel3_IRQHandler
 *fill*         0x08002f9e        0x2 
 .text.SystemInit
                0x08002fa0       0x88 ./cmsis/system_at32f403a_407.o
                0x08002fa0                SystemInit
 .text.system_core_clock_update
                0x08003028      0x150 ./cmsis/system_at32f403a_407.o
                0x08003028                system_core_clock_update
 .text._write   0x08003178       0x60 ./bsp/at32f403a_407_board.o
                0x08003178                _write
 .text.at32_board_init
                0x080031d8       0x34 ./bsp/at32f403a_407_board.o
                0x080031d8                at32_board_init
 .text.at32_button_init
                0x0800320c       0x44 ./bsp/at32f403a_407_board.o
                0x0800320c                at32_button_init
 .text.at32_led_init
                0x08003250       0x68 ./bsp/at32f403a_407_board.o
                0x08003250                at32_led_init
 .text.at32_led_on
                0x080032b8       0x48 ./bsp/at32f403a_407_board.o
                0x080032b8                at32_led_on
 .text.at32_led_off
                0x08003300       0x48 ./bsp/at32f403a_407_board.o
                0x08003300                at32_led_off
 .text.delay_init
                0x08003348       0x40 ./bsp/at32f403a_407_board.o
                0x08003348                delay_init
 .text.delay_ms
                0x08003388       0x98 ./bsp/at32f403a_407_board.o
                0x08003388                delay_ms
 .text.delay_sec
                0x08003420       0x38 ./bsp/at32f403a_407_board.o
                0x08003420                delay_sec
 .text.__libc_init_array
                0x08003458       0x48 d:/at32/at32ide/platform/tools/gcc-arm-none-eabi-10.3-2021.10/bin/../lib/gcc/arm-none-eabi/10.3.1/../../../../arm-none-eabi/lib/thumb/v7e-m+fp/hard\libg_nano.a(lib_a-init.o)
                0x08003458                __libc_init_array
 .text.memset   0x080034a0       0x10 d:/at32/at32ide/platform/tools/gcc-arm-none-eabi-10.3-2021.10/bin/../lib/gcc/arm-none-eabi/10.3.1/../../../../arm-none-eabi/lib/thumb/v7e-m+fp/hard\libg_nano.a(lib_a-memset.o)
                0x080034a0                memset
 .text.__cvt    0x080034b0       0xc4 d:/at32/at32ide/platform/tools/gcc-arm-none-eabi-10.3-2021.10/bin/../lib/gcc/arm-none-eabi/10.3.1/../../../../arm-none-eabi/lib/thumb/v7e-m+fp/hard\libg_nano.a(lib_a-nano-vfprintf_float.o)
                0x080034b0                __cvt
 .text.__exponent
                0x08003574       0x7c d:/at32/at32ide/platform/tools/gcc-arm-none-eabi-10.3-2021.10/bin/../lib/gcc/arm-none-eabi/10.3.1/../../../../arm-none-eabi/lib/thumb/v7e-m+fp/hard\libg_nano.a(lib_a-nano-vfprintf_float.o)
                0x08003574                __exponent
 .text._printf_float
                0x080035f0      0x46c d:/at32/at32ide/platform/tools/gcc-arm-none-eabi-10.3-2021.10/bin/../lib/gcc/arm-none-eabi/10.3.1/../../../../arm-none-eabi/lib/thumb/v7e-m+fp/hard\libg_nano.a(lib_a-nano-vfprintf_float.o)
                0x080035f0                _printf_float
 .text._printf_common
                0x08003a5c       0xda d:/at32/at32ide/platform/tools/gcc-arm-none-eabi-10.3-2021.10/bin/../lib/gcc/arm-none-eabi/10.3.1/../../../../arm-none-eabi/lib/thumb/v7e-m+fp/hard\libg_nano.a(lib_a-nano-vfprintf_i.o)
                0x08003a5c                _printf_common
 *fill*         0x08003b36        0x2 
 .text._printf_i
                0x08003b38      0x24c d:/at32/at32ide/platform/tools/gcc-arm-none-eabi-10.3-2021.10/bin/../lib/gcc/arm-none-eabi/10.3.1/../../../../arm-none-eabi/lib/thumb/v7e-m+fp/hard\libg_nano.a(lib_a-nano-vfprintf_i.o)
                0x08003b38                _printf_i
 .text._scanf_float
                0x08003d84      0x420 d:/at32/at32ide/platform/tools/gcc-arm-none-eabi-10.3-2021.10/bin/../lib/gcc/arm-none-eabi/10.3.1/../../../../arm-none-eabi/lib/thumb/v7e-m+fp/hard\libg_nano.a(lib_a-nano-vfscanf_float.o)
                0x08003d84                _scanf_float
 .text.printf   0x080041a4       0x30 d:/at32/at32ide/platform/tools/gcc-arm-none-eabi-10.3-2021.10/bin/../lib/gcc/arm-none-eabi/10.3.1/../../../../arm-none-eabi/lib/thumb/v7e-m+fp/hard\libg_nano.a(lib_a-printf.o)
                0x080041a4                iprintf
                0x080041a4                printf
 .text._puts_r  0x080041d4       0xdc d:/at32/at32ide/platform/tools/gcc-arm-none-eabi-10.3-2021.10/bin/../lib/gcc/arm-none-eabi/10.3.1/../../../../arm-none-eabi/lib/thumb/v7e-m+fp/hard\libg_nano.a(lib_a-puts.o)
                0x080041d4                _puts_r
 .text.puts     0x080042b0       0x10 d:/at32/at32ide/platform/tools/gcc-arm-none-eabi-10.3-2021.10/bin/../lib/gcc/arm-none-eabi/10.3.1/../../../../arm-none-eabi/lib/thumb/v7e-m+fp/hard\libg_nano.a(lib_a-puts.o)
                0x080042b0                puts
 .text.nanf     0x080042c0        0xc d:/at32/at32ide/platform/tools/gcc-arm-none-eabi-10.3-2021.10/bin/../lib/gcc/arm-none-eabi/10.3.1/../../../../arm-none-eabi/lib/thumb/v7e-m+fp/hard\libg_nano.a(lib_a-sf_nan.o)
                0x080042c0                nanf
 .text.sprintf  0x080042cc       0x40 d:/at32/at32ide/platform/tools/gcc-arm-none-eabi-10.3-2021.10/bin/../lib/gcc/arm-none-eabi/10.3.1/../../../../arm-none-eabi/lib/thumb/v7e-m+fp/hard\libg_nano.a(lib_a-sprintf.o)
                0x080042cc                siprintf
                0x080042cc                sprintf
 .text.sulp     0x0800430c       0x38 d:/at32/at32ide/platform/tools/gcc-arm-none-eabi-10.3-2021.10/bin/../lib/gcc/arm-none-eabi/10.3.1/../../../../arm-none-eabi/lib/thumb/v7e-m+fp/hard\libg_nano.a(lib_a-strtod.o)
 *fill*         0x08004344        0x4 
 .text._strtod_l
                0x08004348      0xc0c d:/at32/at32ide/platform/tools/gcc-arm-none-eabi-10.3-2021.10/bin/../lib/gcc/arm-none-eabi/10.3.1/../../../../arm-none-eabi/lib/thumb/v7e-m+fp/hard\libg_nano.a(lib_a-strtod.o)
                0x08004348                _strtod_l
 .text._strtod_r
                0x08004f54        0xc d:/at32/at32ide/platform/tools/gcc-arm-none-eabi-10.3-2021.10/bin/../lib/gcc/arm-none-eabi/10.3.1/../../../../arm-none-eabi/lib/thumb/v7e-m+fp/hard\libg_nano.a(lib_a-strtod.o)
                0x08004f54                _strtod_r
 .text._strtol_l.constprop.0
                0x08004f60      0x104 d:/at32/at32ide/platform/tools/gcc-arm-none-eabi-10.3-2021.10/bin/../lib/gcc/arm-none-eabi/10.3.1/../../../../arm-none-eabi/lib/thumb/v7e-m+fp/hard\libg_nano.a(lib_a-strtol.o)
 .text._strtol_r
                0x08005064        0x4 d:/at32/at32ide/platform/tools/gcc-arm-none-eabi-10.3-2021.10/bin/../lib/gcc/arm-none-eabi/10.3.1/../../../../arm-none-eabi/lib/thumb/v7e-m+fp/hard\libg_nano.a(lib_a-strtol.o)
                0x08005064                _strtol_r
 .text.__swbuf_r
                0x08005068       0xa4 d:/at32/at32ide/platform/tools/gcc-arm-none-eabi-10.3-2021.10/bin/../lib/gcc/arm-none-eabi/10.3.1/../../../../arm-none-eabi/lib/thumb/v7e-m+fp/hard\libg_nano.a(lib_a-wbuf.o)
                0x08005068                __swbuf_r
 .text.__swsetup_r
                0x0800510c       0xdc d:/at32/at32ide/platform/tools/gcc-arm-none-eabi-10.3-2021.10/bin/../lib/gcc/arm-none-eabi/10.3.1/../../../../arm-none-eabi/lib/thumb/v7e-m+fp/hard\libg_nano.a(lib_a-wsetup.o)
                0x0800510c                __swsetup_r
 .text.quorem   0x080051e8      0x116 d:/at32/at32ide/platform/tools/gcc-arm-none-eabi-10.3-2021.10/bin/../lib/gcc/arm-none-eabi/10.3.1/../../../../arm-none-eabi/lib/thumb/v7e-m+fp/hard\libg_nano.a(lib_a-dtoa.o)
 *fill*         0x080052fe        0x2 
 .text._dtoa_r  0x08005300      0xbdc d:/at32/at32ide/platform/tools/gcc-arm-none-eabi-10.3-2021.10/bin/../lib/gcc/arm-none-eabi/10.3.1/../../../../arm-none-eabi/lib/thumb/v7e-m+fp/hard\libg_nano.a(lib_a-dtoa.o)
                0x08005300                _dtoa_r
 .text.__errno  0x08005edc        0xc d:/at32/at32ide/platform/tools/gcc-arm-none-eabi-10.3-2021.10/bin/../lib/gcc/arm-none-eabi/10.3.1/../../../../arm-none-eabi/lib/thumb/v7e-m+fp/hard\libg_nano.a(lib_a-errno.o)
                0x08005edc                __errno
 .text.__sflush_r
                0x08005ee8      0x10c d:/at32/at32ide/platform/tools/gcc-arm-none-eabi-10.3-2021.10/bin/../lib/gcc/arm-none-eabi/10.3.1/../../../../arm-none-eabi/lib/thumb/v7e-m+fp/hard\libg_nano.a(lib_a-fflush.o)
                0x08005ee8                __sflush_r
 .text._fflush_r
                0x08005ff4       0x78 d:/at32/at32ide/platform/tools/gcc-arm-none-eabi-10.3-2021.10/bin/../lib/gcc/arm-none-eabi/10.3.1/../../../../arm-none-eabi/lib/thumb/v7e-m+fp/hard\libg_nano.a(lib_a-fflush.o)
                0x08005ff4                _fflush_r
 .text.std      0x0800606c       0x48 d:/at32/at32ide/platform/tools/gcc-arm-none-eabi-10.3-2021.10/bin/../lib/gcc/arm-none-eabi/10.3.1/../../../../arm-none-eabi/lib/thumb/v7e-m+fp/hard\libg_nano.a(lib_a-findfp.o)
 .text._cleanup_r
                0x080060b4        0xc d:/at32/at32ide/platform/tools/gcc-arm-none-eabi-10.3-2021.10/bin/../lib/gcc/arm-none-eabi/10.3.1/../../../../arm-none-eabi/lib/thumb/v7e-m+fp/hard\libg_nano.a(lib_a-findfp.o)
                0x080060b4                _cleanup_r
 .text.__sfmoreglue
                0x080060c0       0x2c d:/at32/at32ide/platform/tools/gcc-arm-none-eabi-10.3-2021.10/bin/../lib/gcc/arm-none-eabi/10.3.1/../../../../arm-none-eabi/lib/thumb/v7e-m+fp/hard\libg_nano.a(lib_a-findfp.o)
                0x080060c0                __sfmoreglue
 .text.__sfp_lock_acquire
                0x080060ec        0xc d:/at32/at32ide/platform/tools/gcc-arm-none-eabi-10.3-2021.10/bin/../lib/gcc/arm-none-eabi/10.3.1/../../../../arm-none-eabi/lib/thumb/v7e-m+fp/hard\libg_nano.a(lib_a-findfp.o)
                0x080060ec                __sfp_lock_acquire
 .text.__sfp_lock_release
                0x080060f8        0xc d:/at32/at32ide/platform/tools/gcc-arm-none-eabi-10.3-2021.10/bin/../lib/gcc/arm-none-eabi/10.3.1/../../../../arm-none-eabi/lib/thumb/v7e-m+fp/hard\libg_nano.a(lib_a-findfp.o)
                0x080060f8                __sfp_lock_release
 .text.__sinit_lock_acquire
                0x08006104        0xc d:/at32/at32ide/platform/tools/gcc-arm-none-eabi-10.3-2021.10/bin/../lib/gcc/arm-none-eabi/10.3.1/../../../../arm-none-eabi/lib/thumb/v7e-m+fp/hard\libg_nano.a(lib_a-findfp.o)
                0x08006104                __sinit_lock_acquire
 .text.__sinit_lock_release
                0x08006110        0xc d:/at32/at32ide/platform/tools/gcc-arm-none-eabi-10.3-2021.10/bin/../lib/gcc/arm-none-eabi/10.3.1/../../../../arm-none-eabi/lib/thumb/v7e-m+fp/hard\libg_nano.a(lib_a-findfp.o)
                0x08006110                __sinit_lock_release
 .text.__sinit  0x0800611c       0x70 d:/at32/at32ide/platform/tools/gcc-arm-none-eabi-10.3-2021.10/bin/../lib/gcc/arm-none-eabi/10.3.1/../../../../arm-none-eabi/lib/thumb/v7e-m+fp/hard\libg_nano.a(lib_a-findfp.o)
                0x0800611c                __sinit
 .text.__sfp    0x0800618c       0x8c d:/at32/at32ide/platform/tools/gcc-arm-none-eabi-10.3-2021.10/bin/../lib/gcc/arm-none-eabi/10.3.1/../../../../arm-none-eabi/lib/thumb/v7e-m+fp/hard\libg_nano.a(lib_a-findfp.o)
                0x0800618c                __sfp
 .text._fwalk_reent
                0x08006218       0x3e d:/at32/at32ide/platform/tools/gcc-arm-none-eabi-10.3-2021.10/bin/../lib/gcc/arm-none-eabi/10.3.1/../../../../arm-none-eabi/lib/thumb/v7e-m+fp/hard\libg_nano.a(lib_a-fwalk.o)
                0x08006218                _fwalk_reent
 .text.rshift   0x08006256       0xa4 d:/at32/at32ide/platform/tools/gcc-arm-none-eabi-10.3-2021.10/bin/../lib/gcc/arm-none-eabi/10.3.1/../../../../arm-none-eabi/lib/thumb/v7e-m+fp/hard\libg_nano.a(lib_a-gdtoa-gethex.o)
 .text.__hexdig_fun
                0x080062fa       0x2a d:/at32/at32ide/platform/tools/gcc-arm-none-eabi-10.3-2021.10/bin/../lib/gcc/arm-none-eabi/10.3.1/../../../../arm-none-eabi/lib/thumb/v7e-m+fp/hard\libg_nano.a(lib_a-gdtoa-gethex.o)
                0x080062fa                __hexdig_fun
 .text.__gethex
                0x08006324      0x48c d:/at32/at32ide/platform/tools/gcc-arm-none-eabi-10.3-2021.10/bin/../lib/gcc/arm-none-eabi/10.3.1/../../../../arm-none-eabi/lib/thumb/v7e-m+fp/hard\libg_nano.a(lib_a-gdtoa-gethex.o)
                0x08006324                __gethex
 .text.L_shift  0x080067b0       0x24 d:/at32/at32ide/platform/tools/gcc-arm-none-eabi-10.3-2021.10/bin/../lib/gcc/arm-none-eabi/10.3.1/../../../../arm-none-eabi/lib/thumb/v7e-m+fp/hard\libg_nano.a(lib_a-gdtoa-hexnan.o)
 .text.__match  0x080067d4       0x28 d:/at32/at32ide/platform/tools/gcc-arm-none-eabi-10.3-2021.10/bin/../lib/gcc/arm-none-eabi/10.3.1/../../../../arm-none-eabi/lib/thumb/v7e-m+fp/hard\libg_nano.a(lib_a-gdtoa-hexnan.o)
                0x080067d4                __match
 .text.__hexnan
                0x080067fc      0x138 d:/at32/at32ide/platform/tools/gcc-arm-none-eabi-10.3-2021.10/bin/../lib/gcc/arm-none-eabi/10.3.1/../../../../arm-none-eabi/lib/thumb/v7e-m+fp/hard\libg_nano.a(lib_a-gdtoa-hexnan.o)
                0x080067fc                __hexnan
 .text._localeconv_r
                0x08006934        0x8 d:/at32/at32ide/platform/tools/gcc-arm-none-eabi-10.3-2021.10/bin/../lib/gcc/arm-none-eabi/10.3.1/../../../../arm-none-eabi/lib/thumb/v7e-m+fp/hard\libg_nano.a(lib_a-localeconv.o)
                0x08006934                _localeconv_r
 .text.__retarget_lock_init_recursive
                0x0800693c        0x2 d:/at32/at32ide/platform/tools/gcc-arm-none-eabi-10.3-2021.10/bin/../lib/gcc/arm-none-eabi/10.3.1/../../../../arm-none-eabi/lib/thumb/v7e-m+fp/hard\libg_nano.a(lib_a-lock.o)
                0x0800693c                __retarget_lock_init_recursive
 .text.__retarget_lock_acquire_recursive
                0x0800693e        0x2 d:/at32/at32ide/platform/tools/gcc-arm-none-eabi-10.3-2021.10/bin/../lib/gcc/arm-none-eabi/10.3.1/../../../../arm-none-eabi/lib/thumb/v7e-m+fp/hard\libg_nano.a(lib_a-lock.o)
                0x0800693e                __retarget_lock_acquire_recursive
 .text.__retarget_lock_release_recursive
                0x08006940        0x2 d:/at32/at32ide/platform/tools/gcc-arm-none-eabi-10.3-2021.10/bin/../lib/gcc/arm-none-eabi/10.3.1/../../../../arm-none-eabi/lib/thumb/v7e-m+fp/hard\libg_nano.a(lib_a-lock.o)
                0x08006940                __retarget_lock_release_recursive
 .text.__swhatbuf_r
                0x08006942       0x4a d:/at32/at32ide/platform/tools/gcc-arm-none-eabi-10.3-2021.10/bin/../lib/gcc/arm-none-eabi/10.3.1/../../../../arm-none-eabi/lib/thumb/v7e-m+fp/hard\libg_nano.a(lib_a-makebuf.o)
                0x08006942                __swhatbuf_r
 .text.__smakebuf_r
                0x0800698c       0x80 d:/at32/at32ide/platform/tools/gcc-arm-none-eabi-10.3-2021.10/bin/../lib/gcc/arm-none-eabi/10.3.1/../../../../arm-none-eabi/lib/thumb/v7e-m+fp/hard\libg_nano.a(lib_a-makebuf.o)
                0x0800698c                __smakebuf_r
 .text.malloc   0x08006a0c       0x10 d:/at32/at32ide/platform/tools/gcc-arm-none-eabi-10.3-2021.10/bin/../lib/gcc/arm-none-eabi/10.3.1/../../../../arm-none-eabi/lib/thumb/v7e-m+fp/hard\libg_nano.a(lib_a-malloc.o)
                0x08006a0c                malloc
 .text.__ascii_mbtowc
                0x08006a1c       0x24 d:/at32/at32ide/platform/tools/gcc-arm-none-eabi-10.3-2021.10/bin/../lib/gcc/arm-none-eabi/10.3.1/../../../../arm-none-eabi/lib/thumb/v7e-m+fp/hard\libg_nano.a(lib_a-mbtowc_r.o)
                0x08006a1c                __ascii_mbtowc
 .text.memcpy   0x08006a40       0x1c d:/at32/at32ide/platform/tools/gcc-arm-none-eabi-10.3-2021.10/bin/../lib/gcc/arm-none-eabi/10.3.1/../../../../arm-none-eabi/lib/thumb/v7e-m+fp/hard\libg_nano.a(lib_a-memcpy-stub.o)
                0x08006a40                memcpy
 .text._Balloc  0x08006a5c       0x80 d:/at32/at32ide/platform/tools/gcc-arm-none-eabi-10.3-2021.10/bin/../lib/gcc/arm-none-eabi/10.3.1/../../../../arm-none-eabi/lib/thumb/v7e-m+fp/hard\libg_nano.a(lib_a-mprec.o)
                0x08006a5c                _Balloc
 .text._Bfree   0x08006adc       0x44 d:/at32/at32ide/platform/tools/gcc-arm-none-eabi-10.3-2021.10/bin/../lib/gcc/arm-none-eabi/10.3.1/../../../../arm-none-eabi/lib/thumb/v7e-m+fp/hard\libg_nano.a(lib_a-mprec.o)
                0x08006adc                _Bfree
 .text.__multadd
                0x08006b20       0x8c d:/at32/at32ide/platform/tools/gcc-arm-none-eabi-10.3-2021.10/bin/../lib/gcc/arm-none-eabi/10.3.1/../../../../arm-none-eabi/lib/thumb/v7e-m+fp/hard\libg_nano.a(lib_a-mprec.o)
                0x08006b20                __multadd
 .text.__s2b    0x08006bac       0x94 d:/at32/at32ide/platform/tools/gcc-arm-none-eabi-10.3-2021.10/bin/../lib/gcc/arm-none-eabi/10.3.1/../../../../arm-none-eabi/lib/thumb/v7e-m+fp/hard\libg_nano.a(lib_a-mprec.o)
                0x08006bac                __s2b
 .text.__hi0bits
                0x08006c40       0x40 d:/at32/at32ide/platform/tools/gcc-arm-none-eabi-10.3-2021.10/bin/../lib/gcc/arm-none-eabi/10.3.1/../../../../arm-none-eabi/lib/thumb/v7e-m+fp/hard\libg_nano.a(lib_a-mprec.o)
                0x08006c40                __hi0bits
 .text.__lo0bits
                0x08006c80       0x5e d:/at32/at32ide/platform/tools/gcc-arm-none-eabi-10.3-2021.10/bin/../lib/gcc/arm-none-eabi/10.3.1/../../../../arm-none-eabi/lib/thumb/v7e-m+fp/hard\libg_nano.a(lib_a-mprec.o)
                0x08006c80                __lo0bits
 *fill*         0x08006cde        0x2 
 .text.__i2b    0x08006ce0       0x2c d:/at32/at32ide/platform/tools/gcc-arm-none-eabi-10.3-2021.10/bin/../lib/gcc/arm-none-eabi/10.3.1/../../../../arm-none-eabi/lib/thumb/v7e-m+fp/hard\libg_nano.a(lib_a-mprec.o)
                0x08006ce0                __i2b
 .text.__multiply
                0x08006d0c      0x154 d:/at32/at32ide/platform/tools/gcc-arm-none-eabi-10.3-2021.10/bin/../lib/gcc/arm-none-eabi/10.3.1/../../../../arm-none-eabi/lib/thumb/v7e-m+fp/hard\libg_nano.a(lib_a-mprec.o)
                0x08006d0c                __multiply
 .text.__pow5mult
                0x08006e60       0xb4 d:/at32/at32ide/platform/tools/gcc-arm-none-eabi-10.3-2021.10/bin/../lib/gcc/arm-none-eabi/10.3.1/../../../../arm-none-eabi/lib/thumb/v7e-m+fp/hard\libg_nano.a(lib_a-mprec.o)
                0x08006e60                __pow5mult
 .text.__lshift
                0x08006f14       0xe0 d:/at32/at32ide/platform/tools/gcc-arm-none-eabi-10.3-2021.10/bin/../lib/gcc/arm-none-eabi/10.3.1/../../../../arm-none-eabi/lib/thumb/v7e-m+fp/hard\libg_nano.a(lib_a-mprec.o)
                0x08006f14                __lshift
 .text.__mcmp   0x08006ff4       0x38 d:/at32/at32ide/platform/tools/gcc-arm-none-eabi-10.3-2021.10/bin/../lib/gcc/arm-none-eabi/10.3.1/../../../../arm-none-eabi/lib/thumb/v7e-m+fp/hard\libg_nano.a(lib_a-mprec.o)
                0x08006ff4                __mcmp
 .text.__mdiff  0x0800702c      0x114 d:/at32/at32ide/platform/tools/gcc-arm-none-eabi-10.3-2021.10/bin/../lib/gcc/arm-none-eabi/10.3.1/../../../../arm-none-eabi/lib/thumb/v7e-m+fp/hard\libg_nano.a(lib_a-mprec.o)
                0x0800702c                __mdiff
 .text.__ulp    0x08007140       0x58 d:/at32/at32ide/platform/tools/gcc-arm-none-eabi-10.3-2021.10/bin/../lib/gcc/arm-none-eabi/10.3.1/../../../../arm-none-eabi/lib/thumb/v7e-m+fp/hard\libg_nano.a(lib_a-mprec.o)
                0x08007140                __ulp
 .text.__b2d    0x08007198       0xa0 d:/at32/at32ide/platform/tools/gcc-arm-none-eabi-10.3-2021.10/bin/../lib/gcc/arm-none-eabi/10.3.1/../../../../arm-none-eabi/lib/thumb/v7e-m+fp/hard\libg_nano.a(lib_a-mprec.o)
                0x08007198                __b2d
 .text.__d2b    0x08007238       0xb8 d:/at32/at32ide/platform/tools/gcc-arm-none-eabi-10.3-2021.10/bin/../lib/gcc/arm-none-eabi/10.3.1/../../../../arm-none-eabi/lib/thumb/v7e-m+fp/hard\libg_nano.a(lib_a-mprec.o)
                0x08007238                __d2b
 .text.__ratio  0x080072f0       0x66 d:/at32/at32ide/platform/tools/gcc-arm-none-eabi-10.3-2021.10/bin/../lib/gcc/arm-none-eabi/10.3.1/../../../../arm-none-eabi/lib/thumb/v7e-m+fp/hard\libg_nano.a(lib_a-mprec.o)
                0x080072f0                __ratio
 .text.__copybits
                0x08007356       0x46 d:/at32/at32ide/platform/tools/gcc-arm-none-eabi-10.3-2021.10/bin/../lib/gcc/arm-none-eabi/10.3.1/../../../../arm-none-eabi/lib/thumb/v7e-m+fp/hard\libg_nano.a(lib_a-mprec.o)
                0x08007356                __copybits
 .text.__any_on
                0x0800739c       0x42 d:/at32/at32ide/platform/tools/gcc-arm-none-eabi-10.3-2021.10/bin/../lib/gcc/arm-none-eabi/10.3.1/../../../../arm-none-eabi/lib/thumb/v7e-m+fp/hard\libg_nano.a(lib_a-mprec.o)
                0x0800739c                __any_on
 .text._calloc_r
                0x080073de       0x2c d:/at32/at32ide/platform/tools/gcc-arm-none-eabi-10.3-2021.10/bin/../lib/gcc/arm-none-eabi/10.3.1/../../../../arm-none-eabi/lib/thumb/v7e-m+fp/hard\libg_nano.a(lib_a-nano-callocr.o)
                0x080073de                _calloc_r
 *fill*         0x0800740a        0x2 
 .text._free_r  0x0800740c       0x98 d:/at32/at32ide/platform/tools/gcc-arm-none-eabi-10.3-2021.10/bin/../lib/gcc/arm-none-eabi/10.3.1/../../../../arm-none-eabi/lib/thumb/v7e-m+fp/hard\libg_nano.a(lib_a-nano-freer.o)
                0x0800740c                _free_r
 .text.sbrk_aligned
                0x080074a4       0x40 d:/at32/at32ide/platform/tools/gcc-arm-none-eabi-10.3-2021.10/bin/../lib/gcc/arm-none-eabi/10.3.1/../../../../arm-none-eabi/lib/thumb/v7e-m+fp/hard\libg_nano.a(lib_a-nano-mallocr.o)
 .text._malloc_r
                0x080074e4       0xe8 d:/at32/at32ide/platform/tools/gcc-arm-none-eabi-10.3-2021.10/bin/../lib/gcc/arm-none-eabi/10.3.1/../../../../arm-none-eabi/lib/thumb/v7e-m+fp/hard\libg_nano.a(lib_a-nano-mallocr.o)
                0x080074e4                _malloc_r
 .text.__ssputs_r
                0x080075cc       0xb6 d:/at32/at32ide/platform/tools/gcc-arm-none-eabi-10.3-2021.10/bin/../lib/gcc/arm-none-eabi/10.3.1/../../../../arm-none-eabi/lib/thumb/v7e-m+fp/hard\libg_nano.a(lib_a-nano-svfprintf.o)
                0x080075cc                __ssputs_r
 *fill*         0x08007682        0x2 
 .text._svfprintf_r
                0x08007684      0x200 d:/at32/at32ide/platform/tools/gcc-arm-none-eabi-10.3-2021.10/bin/../lib/gcc/arm-none-eabi/10.3.1/../../../../arm-none-eabi/lib/thumb/v7e-m+fp/hard\libg_nano.a(lib_a-nano-svfprintf.o)
                0x08007684                _svfiprintf_r
                0x08007684                _svfprintf_r
 .text.__sfputc_r
                0x08007884       0x2e d:/at32/at32ide/platform/tools/gcc-arm-none-eabi-10.3-2021.10/bin/../lib/gcc/arm-none-eabi/10.3.1/../../../../arm-none-eabi/lib/thumb/v7e-m+fp/hard\libg_nano.a(lib_a-nano-vfprintf.o)
 .text.__sfputs_r
                0x080078b2       0x24 d:/at32/at32ide/platform/tools/gcc-arm-none-eabi-10.3-2021.10/bin/../lib/gcc/arm-none-eabi/10.3.1/../../../../arm-none-eabi/lib/thumb/v7e-m+fp/hard\libg_nano.a(lib_a-nano-vfprintf.o)
                0x080078b2                __sfputs_r
 *fill*         0x080078d6        0x2 
 .text._vfprintf_r
                0x080078d8      0x260 d:/at32/at32ide/platform/tools/gcc-arm-none-eabi-10.3-2021.10/bin/../lib/gcc/arm-none-eabi/10.3.1/../../../../arm-none-eabi/lib/thumb/v7e-m+fp/hard\libg_nano.a(lib_a-nano-vfprintf.o)
                0x080078d8                _vfprintf_r
                0x080078d8                _vfiprintf_r
 .text.nan      0x08007b38       0x10 d:/at32/at32ide/platform/tools/gcc-arm-none-eabi-10.3-2021.10/bin/../lib/gcc/arm-none-eabi/10.3.1/../../../../arm-none-eabi/lib/thumb/v7e-m+fp/hard\libg_nano.a(lib_a-s_nan.o)
                0x08007b38                nan
 .text._sbrk_r  0x08007b48       0x20 d:/at32/at32ide/platform/tools/gcc-arm-none-eabi-10.3-2021.10/bin/../lib/gcc/arm-none-eabi/10.3.1/../../../../arm-none-eabi/lib/thumb/v7e-m+fp/hard\libg_nano.a(lib_a-sbrkr.o)
                0x08007b48                _sbrk_r
 .text.__sread  0x08007b68       0x22 d:/at32/at32ide/platform/tools/gcc-arm-none-eabi-10.3-2021.10/bin/../lib/gcc/arm-none-eabi/10.3.1/../../../../arm-none-eabi/lib/thumb/v7e-m+fp/hard\libg_nano.a(lib_a-stdio.o)
                0x08007b68                __sread
 .text.__swrite
                0x08007b8a       0x38 d:/at32/at32ide/platform/tools/gcc-arm-none-eabi-10.3-2021.10/bin/../lib/gcc/arm-none-eabi/10.3.1/../../../../arm-none-eabi/lib/thumb/v7e-m+fp/hard\libg_nano.a(lib_a-stdio.o)
                0x08007b8a                __swrite
 .text.__sseek  0x08007bc2       0x24 d:/at32/at32ide/platform/tools/gcc-arm-none-eabi-10.3-2021.10/bin/../lib/gcc/arm-none-eabi/10.3.1/../../../../arm-none-eabi/lib/thumb/v7e-m+fp/hard\libg_nano.a(lib_a-stdio.o)
                0x08007bc2                __sseek
 .text.__sclose
                0x08007be6        0x8 d:/at32/at32ide/platform/tools/gcc-arm-none-eabi-10.3-2021.10/bin/../lib/gcc/arm-none-eabi/10.3.1/../../../../arm-none-eabi/lib/thumb/v7e-m+fp/hard\libg_nano.a(lib_a-stdio.o)
                0x08007be6                __sclose
 .text.strncmp  0x08007bee       0x28 d:/at32/at32ide/platform/tools/gcc-arm-none-eabi-10.3-2021.10/bin/../lib/gcc/arm-none-eabi/10.3.1/../../../../arm-none-eabi/lib/thumb/v7e-m+fp/hard\libg_nano.a(lib_a-strncmp.o)
                0x08007bee                strncmp
 .text.__ascii_wctomb
                0x08007c16       0x1a d:/at32/at32ide/platform/tools/gcc-arm-none-eabi-10.3-2021.10/bin/../lib/gcc/arm-none-eabi/10.3.1/../../../../arm-none-eabi/lib/thumb/v7e-m+fp/hard\libg_nano.a(lib_a-wctomb_r.o)
                0x08007c16                __ascii_wctomb
 .text._write_r
                0x08007c30       0x24 d:/at32/at32ide/platform/tools/gcc-arm-none-eabi-10.3-2021.10/bin/../lib/gcc/arm-none-eabi/10.3.1/../../../../arm-none-eabi/lib/thumb/v7e-m+fp/hard\libg_nano.a(lib_a-writer.o)
                0x08007c30                _write_r
 .text.__assert_func
                0x08007c54       0x3c d:/at32/at32ide/platform/tools/gcc-arm-none-eabi-10.3-2021.10/bin/../lib/gcc/arm-none-eabi/10.3.1/../../../../arm-none-eabi/lib/thumb/v7e-m+fp/hard\libg_nano.a(lib_a-assert.o)
                0x08007c54                __assert_func
 .text._close_r
                0x08007c90       0x20 d:/at32/at32ide/platform/tools/gcc-arm-none-eabi-10.3-2021.10/bin/../lib/gcc/arm-none-eabi/10.3.1/../../../../arm-none-eabi/lib/thumb/v7e-m+fp/hard\libg_nano.a(lib_a-closer.o)
                0x08007c90                _close_r
 .text.fprintf  0x08007cb0       0x24 d:/at32/at32ide/platform/tools/gcc-arm-none-eabi-10.3-2021.10/bin/../lib/gcc/arm-none-eabi/10.3.1/../../../../arm-none-eabi/lib/thumb/v7e-m+fp/hard\libg_nano.a(lib_a-fprintf.o)
                0x08007cb0                fiprintf
                0x08007cb0                fprintf
 .text._fstat_r
                0x08007cd4       0x24 d:/at32/at32ide/platform/tools/gcc-arm-none-eabi-10.3-2021.10/bin/../lib/gcc/arm-none-eabi/10.3.1/../../../../arm-none-eabi/lib/thumb/v7e-m+fp/hard\libg_nano.a(lib_a-fstatr.o)
                0x08007cd4                _fstat_r
 .text._isatty_r
                0x08007cf8       0x20 d:/at32/at32ide/platform/tools/gcc-arm-none-eabi-10.3-2021.10/bin/../lib/gcc/arm-none-eabi/10.3.1/../../../../arm-none-eabi/lib/thumb/v7e-m+fp/hard\libg_nano.a(lib_a-isattyr.o)
                0x08007cf8                _isatty_r
 .text._lseek_r
                0x08007d18       0x24 d:/at32/at32ide/platform/tools/gcc-arm-none-eabi-10.3-2021.10/bin/../lib/gcc/arm-none-eabi/10.3.1/../../../../arm-none-eabi/lib/thumb/v7e-m+fp/hard\libg_nano.a(lib_a-lseekr.o)
                0x08007d18                _lseek_r
 .text.memmove  0x08007d3c       0x34 d:/at32/at32ide/platform/tools/gcc-arm-none-eabi-10.3-2021.10/bin/../lib/gcc/arm-none-eabi/10.3.1/../../../../arm-none-eabi/lib/thumb/v7e-m+fp/hard\libg_nano.a(lib_a-memmove.o)
                0x08007d3c                memmove
 .text.__malloc_lock
                0x08007d70        0xc d:/at32/at32ide/platform/tools/gcc-arm-none-eabi-10.3-2021.10/bin/../lib/gcc/arm-none-eabi/10.3.1/../../../../arm-none-eabi/lib/thumb/v7e-m+fp/hard\libg_nano.a(lib_a-mlock.o)
                0x08007d70                __malloc_lock
 .text.__malloc_unlock
                0x08007d7c        0xc d:/at32/at32ide/platform/tools/gcc-arm-none-eabi-10.3-2021.10/bin/../lib/gcc/arm-none-eabi/10.3.1/../../../../arm-none-eabi/lib/thumb/v7e-m+fp/hard\libg_nano.a(lib_a-mlock.o)
                0x08007d7c                __malloc_unlock
 .text._realloc_r
                0x08007d88       0x5e d:/at32/at32ide/platform/tools/gcc-arm-none-eabi-10.3-2021.10/bin/../lib/gcc/arm-none-eabi/10.3.1/../../../../arm-none-eabi/lib/thumb/v7e-m+fp/hard\libg_nano.a(lib_a-nano-reallocr.o)
                0x08007d88                _realloc_r
 *fill*         0x08007de6        0x2 
 .text._read_r  0x08007de8       0x24 d:/at32/at32ide/platform/tools/gcc-arm-none-eabi-10.3-2021.10/bin/../lib/gcc/arm-none-eabi/10.3.1/../../../../arm-none-eabi/lib/thumb/v7e-m+fp/hard\libg_nano.a(lib_a-readr.o)
                0x08007de8                _read_r
 .text.abort    0x08007e0c        0xe d:/at32/at32ide/platform/tools/gcc-arm-none-eabi-10.3-2021.10/bin/../lib/gcc/arm-none-eabi/10.3.1/../../../../arm-none-eabi/lib/thumb/v7e-m+fp/hard\libg_nano.a(lib_a-abort.o)
                0x08007e0c                abort
 .text._malloc_usable_size_r
                0x08007e1a       0x10 d:/at32/at32ide/platform/tools/gcc-arm-none-eabi-10.3-2021.10/bin/../lib/gcc/arm-none-eabi/10.3.1/../../../../arm-none-eabi/lib/thumb/v7e-m+fp/hard\libg_nano.a(lib_a-nano-msizer.o)
                0x08007e1a                _malloc_usable_size_r
 .text._raise_r
                0x08007e2a       0x50 d:/at32/at32ide/platform/tools/gcc-arm-none-eabi-10.3-2021.10/bin/../lib/gcc/arm-none-eabi/10.3.1/../../../../arm-none-eabi/lib/thumb/v7e-m+fp/hard\libg_nano.a(lib_a-signal.o)
                0x08007e2a                _raise_r
 *fill*         0x08007e7a        0x2 
 .text.raise    0x08007e7c       0x10 d:/at32/at32ide/platform/tools/gcc-arm-none-eabi-10.3-2021.10/bin/../lib/gcc/arm-none-eabi/10.3.1/../../../../arm-none-eabi/lib/thumb/v7e-m+fp/hard\libg_nano.a(lib_a-signal.o)
                0x08007e7c                raise
 .text._kill_r  0x08007e8c       0x24 d:/at32/at32ide/platform/tools/gcc-arm-none-eabi-10.3-2021.10/bin/../lib/gcc/arm-none-eabi/10.3.1/../../../../arm-none-eabi/lib/thumb/v7e-m+fp/hard\libg_nano.a(lib_a-signalr.o)
                0x08007e8c                _kill_r
 .text._getpid_r
                0x08007eb0        0x4 d:/at32/at32ide/platform/tools/gcc-arm-none-eabi-10.3-2021.10/bin/../lib/gcc/arm-none-eabi/10.3.1/../../../../arm-none-eabi/lib/thumb/v7e-m+fp/hard\libg_nano.a(lib_a-signalr.o)
                0x08007eb0                _getpid_r
 .text._close   0x08007eb4       0x10 d:/at32/at32ide/platform/tools/gcc-arm-none-eabi-10.3-2021.10/bin/../lib/gcc/arm-none-eabi/10.3.1/../../../../arm-none-eabi/lib/thumb/v7e-m+fp/hard\libnosys.a(close.o)
                0x08007eb4                _close
 .text._fstat   0x08007ec4       0x10 d:/at32/at32ide/platform/tools/gcc-arm-none-eabi-10.3-2021.10/bin/../lib/gcc/arm-none-eabi/10.3.1/../../../../arm-none-eabi/lib/thumb/v7e-m+fp/hard\libnosys.a(fstat.o)
                0x08007ec4                _fstat
 .text._getpid  0x08007ed4       0x10 d:/at32/at32ide/platform/tools/gcc-arm-none-eabi-10.3-2021.10/bin/../lib/gcc/arm-none-eabi/10.3.1/../../../../arm-none-eabi/lib/thumb/v7e-m+fp/hard\libnosys.a(getpid.o)
                0x08007ed4                _getpid
 .text._isatty  0x08007ee4       0x10 d:/at32/at32ide/platform/tools/gcc-arm-none-eabi-10.3-2021.10/bin/../lib/gcc/arm-none-eabi/10.3.1/../../../../arm-none-eabi/lib/thumb/v7e-m+fp/hard\libnosys.a(isatty.o)
                0x08007ee4                _isatty
 .text._kill    0x08007ef4       0x10 d:/at32/at32ide/platform/tools/gcc-arm-none-eabi-10.3-2021.10/bin/../lib/gcc/arm-none-eabi/10.3.1/../../../../arm-none-eabi/lib/thumb/v7e-m+fp/hard\libnosys.a(kill.o)
                0x08007ef4                _kill
 .text._lseek   0x08007f04       0x10 d:/at32/at32ide/platform/tools/gcc-arm-none-eabi-10.3-2021.10/bin/../lib/gcc/arm-none-eabi/10.3.1/../../../../arm-none-eabi/lib/thumb/v7e-m+fp/hard\libnosys.a(lseek.o)
                0x08007f04                _lseek
 .text._read    0x08007f14       0x10 d:/at32/at32ide/platform/tools/gcc-arm-none-eabi-10.3-2021.10/bin/../lib/gcc/arm-none-eabi/10.3.1/../../../../arm-none-eabi/lib/thumb/v7e-m+fp/hard\libnosys.a(read.o)
                0x08007f14                _read
 .text._sbrk    0x08007f24       0x1c d:/at32/at32ide/platform/tools/gcc-arm-none-eabi-10.3-2021.10/bin/../lib/gcc/arm-none-eabi/10.3.1/../../../../arm-none-eabi/lib/thumb/v7e-m+fp/hard\libnosys.a(sbrk.o)
                0x08007f24                _sbrk
 .text._exit    0x08007f40        0x4 d:/at32/at32ide/platform/tools/gcc-arm-none-eabi-10.3-2021.10/bin/../lib/gcc/arm-none-eabi/10.3.1/../../../../arm-none-eabi/lib/thumb/v7e-m+fp/hard\libnosys.a(_exit.o)
                0x08007f40                _exit
 *(.glue_7)
 .glue_7        0x08007f44        0x0 linker stubs
 *(.glue_7t)
 .glue_7t       0x08007f44        0x0 linker stubs
 *(.eh_frame)
 .eh_frame      0x08007f44        0x0 d:/at32/at32ide/platform/tools/gcc-arm-none-eabi-10.3-2021.10/bin/../lib/gcc/arm-none-eabi/10.3.1/thumb/v7e-m+fp/hard/crtbegin.o
 *(.init)
 .init          0x08007f44        0x4 d:/at32/at32ide/platform/tools/gcc-arm-none-eabi-10.3-2021.10/bin/../lib/gcc/arm-none-eabi/10.3.1/thumb/v7e-m+fp/hard/crti.o
                0x08007f44                _init
 .init          0x08007f48        0x8 d:/at32/at32ide/platform/tools/gcc-arm-none-eabi-10.3-2021.10/bin/../lib/gcc/arm-none-eabi/10.3.1/thumb/v7e-m+fp/hard/crtn.o
 *(.fini)
 .fini          0x08007f50        0x4 d:/at32/at32ide/platform/tools/gcc-arm-none-eabi-10.3-2021.10/bin/../lib/gcc/arm-none-eabi/10.3.1/thumb/v7e-m+fp/hard/crti.o
                0x08007f50                _fini
 .fini          0x08007f54        0x8 d:/at32/at32ide/platform/tools/gcc-arm-none-eabi-10.3-2021.10/bin/../lib/gcc/arm-none-eabi/10.3.1/thumb/v7e-m+fp/hard/crtn.o
                0x08007f5c                . = ALIGN (0x4)
                0x08007f5c                _etext = .

.vfp11_veneer   0x08007f5c        0x0
 .vfp11_veneer  0x08007f5c        0x0 linker stubs

.v4_bx          0x08007f5c        0x0
 .v4_bx         0x08007f5c        0x0 linker stubs

.iplt           0x08007f5c        0x0
 .iplt          0x08007f5c        0x0 d:/at32/at32ide/platform/tools/gcc-arm-none-eabi-10.3-2021.10/bin/../lib/gcc/arm-none-eabi/10.3.1/thumb/v7e-m+fp/hard/crtbegin.o

.rodata         0x08007f60      0x5dc
                0x08007f60                . = ALIGN (0x4)
 *(.rodata)
 .rodata        0x08007f60       0x5b ./user/main.o
 *fill*         0x08007fbb        0x1 
 .rodata        0x08007fbc       0x28 ./firmware/at32f403a_407_crm.o
 .rodata        0x08007fe4       0x37 ./firmware/xmc_lcd.o
 *fill*         0x0800801b        0x1 
 .rodata        0x0800801c       0x10 ./cmsis/system_at32f403a_407.o
 *(.rodata*)
 .rodata._global_impure_ptr
                0x0800802c        0x4 d:/at32/at32ide/platform/tools/gcc-arm-none-eabi-10.3-2021.10/bin/../lib/gcc/arm-none-eabi/10.3.1/../../../../arm-none-eabi/lib/thumb/v7e-m+fp/hard\libg_nano.a(lib_a-impure.o)
                0x0800802c                _global_impure_ptr
 .rodata._printf_float.str1.1
                0x08008030       0x12 d:/at32/at32ide/platform/tools/gcc-arm-none-eabi-10.3-2021.10/bin/../lib/gcc/arm-none-eabi/10.3.1/../../../../arm-none-eabi/lib/thumb/v7e-m+fp/hard\libg_nano.a(lib_a-nano-vfprintf_float.o)
 .rodata._printf_i.str1.1
                0x08008042       0x22 d:/at32/at32ide/platform/tools/gcc-arm-none-eabi-10.3-2021.10/bin/../lib/gcc/arm-none-eabi/10.3.1/../../../../arm-none-eabi/lib/thumb/v7e-m+fp/hard\libg_nano.a(lib_a-nano-vfprintf_i.o)
 .rodata._scanf_float.str1.1
                0x08008064        0x5 d:/at32/at32ide/platform/tools/gcc-arm-none-eabi-10.3-2021.10/bin/../lib/gcc/arm-none-eabi/10.3.1/../../../../arm-none-eabi/lib/thumb/v7e-m+fp/hard\libg_nano.a(lib_a-nano-vfscanf_float.o)
                                  0x6 (size before relaxing)
 .rodata._strtod_l.str1.1
                0x08008069        0x5 d:/at32/at32ide/platform/tools/gcc-arm-none-eabi-10.3-2021.10/bin/../lib/gcc/arm-none-eabi/10.3.1/../../../../arm-none-eabi/lib/thumb/v7e-m+fp/hard\libg_nano.a(lib_a-strtod.o)
                                  0xd (size before relaxing)
 *fill*         0x08008069        0x3 
 .rodata.fpi.1  0x0800806c       0x14 d:/at32/at32ide/platform/tools/gcc-arm-none-eabi-10.3-2021.10/bin/../lib/gcc/arm-none-eabi/10.3.1/../../../../arm-none-eabi/lib/thumb/v7e-m+fp/hard\libg_nano.a(lib_a-strtod.o)
 .rodata.fpinan.0
                0x08008080       0x14 d:/at32/at32ide/platform/tools/gcc-arm-none-eabi-10.3-2021.10/bin/../lib/gcc/arm-none-eabi/10.3.1/../../../../arm-none-eabi/lib/thumb/v7e-m+fp/hard\libg_nano.a(lib_a-strtod.o)
 *fill*         0x08008094        0x4 
 .rodata.tinytens
                0x08008098       0x28 d:/at32/at32ide/platform/tools/gcc-arm-none-eabi-10.3-2021.10/bin/../lib/gcc/arm-none-eabi/10.3.1/../../../../arm-none-eabi/lib/thumb/v7e-m+fp/hard\libg_nano.a(lib_a-strtod.o)
 .rodata._ctype_
                0x080080c0      0x101 d:/at32/at32ide/platform/tools/gcc-arm-none-eabi-10.3-2021.10/bin/../lib/gcc/arm-none-eabi/10.3.1/../../../../arm-none-eabi/lib/thumb/v7e-m+fp/hard\libg_nano.a(lib_a-ctype_.o)
                0x080080c0                _ctype_
 .rodata._dtoa_r.str1.1
                0x080081c1       0xb3 d:/at32/at32ide/platform/tools/gcc-arm-none-eabi-10.3-2021.10/bin/../lib/gcc/arm-none-eabi/10.3.1/../../../../arm-none-eabi/lib/thumb/v7e-m+fp/hard\libg_nano.a(lib_a-dtoa.o)
                                 0xb5 (size before relaxing)
 .rodata.__sf_fake_stderr
                0x08008274       0x20 d:/at32/at32ide/platform/tools/gcc-arm-none-eabi-10.3-2021.10/bin/../lib/gcc/arm-none-eabi/10.3.1/../../../../arm-none-eabi/lib/thumb/v7e-m+fp/hard\libg_nano.a(lib_a-findfp.o)
                0x08008274                __sf_fake_stderr
 .rodata.__sf_fake_stdin
                0x08008294       0x20 d:/at32/at32ide/platform/tools/gcc-arm-none-eabi-10.3-2021.10/bin/../lib/gcc/arm-none-eabi/10.3.1/../../../../arm-none-eabi/lib/thumb/v7e-m+fp/hard\libg_nano.a(lib_a-findfp.o)
                0x08008294                __sf_fake_stdin
 .rodata.__sf_fake_stdout
                0x080082b4       0x20 d:/at32/at32ide/platform/tools/gcc-arm-none-eabi-10.3-2021.10/bin/../lib/gcc/arm-none-eabi/10.3.1/../../../../arm-none-eabi/lib/thumb/v7e-m+fp/hard\libg_nano.a(lib_a-findfp.o)
                0x080082b4                __sf_fake_stdout
 .rodata.__gethex.str1.1
                0x080082d4       0x86 d:/at32/at32ide/platform/tools/gcc-arm-none-eabi-10.3-2021.10/bin/../lib/gcc/arm-none-eabi/10.3.1/../../../../arm-none-eabi/lib/thumb/v7e-m+fp/hard\libg_nano.a(lib_a-gdtoa-gethex.o)
                                 0x97 (size before relaxing)
 .rodata.str1.1
                0x0800835a        0x2 d:/at32/at32ide/platform/tools/gcc-arm-none-eabi-10.3-2021.10/bin/../lib/gcc/arm-none-eabi/10.3.1/../../../../arm-none-eabi/lib/thumb/v7e-m+fp/hard\libg_nano.a(lib_a-lnumeric.o)
                                  0x3 (size before relaxing)
 .rodata._C_numeric_locale
                0x0800835c        0xc d:/at32/at32ide/platform/tools/gcc-arm-none-eabi-10.3-2021.10/bin/../lib/gcc/arm-none-eabi/10.3.1/../../../../arm-none-eabi/lib/thumb/v7e-m+fp/hard\libg_nano.a(lib_a-lnumeric.o)
                0x0800835c                _C_numeric_locale
 .rodata._setlocale_r.str1.1
                0x08008368        0x8 d:/at32/at32ide/platform/tools/gcc-arm-none-eabi-10.3-2021.10/bin/../lib/gcc/arm-none-eabi/10.3.1/../../../../arm-none-eabi/lib/thumb/v7e-m+fp/hard\libg_nano.a(lib_a-locale.o)
                                  0x9 (size before relaxing)
 .rodata.str1.1
                0x08008370        0x2 d:/at32/at32ide/platform/tools/gcc-arm-none-eabi-10.3-2021.10/bin/../lib/gcc/arm-none-eabi/10.3.1/../../../../arm-none-eabi/lib/thumb/v7e-m+fp/hard\libg_nano.a(lib_a-locale.o)
 .rodata._Balloc.str1.1
                0x08008370       0x7f d:/at32/at32ide/platform/tools/gcc-arm-none-eabi-10.3-2021.10/bin/../lib/gcc/arm-none-eabi/10.3.1/../../../../arm-none-eabi/lib/thumb/v7e-m+fp/hard\libg_nano.a(lib_a-mprec.o)
                                 0x96 (size before relaxing)
 .rodata.__multadd.str1.1
                0x080083ef       0x11 d:/at32/at32ide/platform/tools/gcc-arm-none-eabi-10.3-2021.10/bin/../lib/gcc/arm-none-eabi/10.3.1/../../../../arm-none-eabi/lib/thumb/v7e-m+fp/hard\libg_nano.a(lib_a-mprec.o)
 *fill*         0x080083ef        0x1 
 .rodata.__mprec_bigtens
                0x080083f0       0x28 d:/at32/at32ide/platform/tools/gcc-arm-none-eabi-10.3-2021.10/bin/../lib/gcc/arm-none-eabi/10.3.1/../../../../arm-none-eabi/lib/thumb/v7e-m+fp/hard\libg_nano.a(lib_a-mprec.o)
                0x080083f0                __mprec_bigtens
 .rodata.__mprec_tens
                0x08008418       0xc8 d:/at32/at32ide/platform/tools/gcc-arm-none-eabi-10.3-2021.10/bin/../lib/gcc/arm-none-eabi/10.3.1/../../../../arm-none-eabi/lib/thumb/v7e-m+fp/hard\libg_nano.a(lib_a-mprec.o)
                0x08008418                __mprec_tens
 .rodata.p05.0  0x080084e0        0xc d:/at32/at32ide/platform/tools/gcc-arm-none-eabi-10.3-2021.10/bin/../lib/gcc/arm-none-eabi/10.3.1/../../../../arm-none-eabi/lib/thumb/v7e-m+fp/hard\libg_nano.a(lib_a-mprec.o)
 .rodata._svfprintf_r.str1.1
                0x080084ec       0x11 d:/at32/at32ide/platform/tools/gcc-arm-none-eabi-10.3-2021.10/bin/../lib/gcc/arm-none-eabi/10.3.1/../../../../arm-none-eabi/lib/thumb/v7e-m+fp/hard\libg_nano.a(lib_a-nano-svfprintf.o)
 .rodata._vfprintf_r.str1.1
                0x080084fd       0x11 d:/at32/at32ide/platform/tools/gcc-arm-none-eabi-10.3-2021.10/bin/../lib/gcc/arm-none-eabi/10.3.1/../../../../arm-none-eabi/lib/thumb/v7e-m+fp/hard\libg_nano.a(lib_a-nano-vfprintf.o)
 .rodata.__assert_func.str1.1
                0x080084fd       0x3c d:/at32/at32ide/platform/tools/gcc-arm-none-eabi-10.3-2021.10/bin/../lib/gcc/arm-none-eabi/10.3.1/../../../../arm-none-eabi/lib/thumb/v7e-m+fp/hard\libg_nano.a(lib_a-assert.o)
                                 0x3d (size before relaxing)
                0x0800853c                . = ALIGN (0x4)
 *fill*         0x08008539        0x3 

.rel.dyn        0x0800853c        0x0
 .rel.iplt      0x0800853c        0x0 d:/at32/at32ide/platform/tools/gcc-arm-none-eabi-10.3-2021.10/bin/../lib/gcc/arm-none-eabi/10.3.1/thumb/v7e-m+fp/hard/crtbegin.o

.ARM.extab
 *(.ARM.extab* .gnu.linkonce.armextab.*)

.ARM            0x0800853c        0x0
                0x0800853c                __exidx_start = .
 *(.ARM.exidx*)
                0x0800853c                __exidx_end = .

.preinit_array  0x0800853c        0x0
                0x0800853c                PROVIDE (__preinit_array_start = .)
 *(.preinit_array*)
                0x0800853c                PROVIDE (__preinit_array_end = .)

.init_array     0x0800853c        0x4
                0x0800853c                PROVIDE (__init_array_start = .)
 *(SORT_BY_NAME(.init_array.*))
 *(.init_array*)
 .init_array    0x0800853c        0x4 d:/at32/at32ide/platform/tools/gcc-arm-none-eabi-10.3-2021.10/bin/../lib/gcc/arm-none-eabi/10.3.1/thumb/v7e-m+fp/hard/crtbegin.o
                0x08008540                PROVIDE (__init_array_end = .)

.fini_array     0x08008540        0x4
                [!provide]                PROVIDE (__fini_array_start = .)
 *(SORT_BY_NAME(.fini_array.*))
 *(.fini_array*)
 .fini_array    0x08008540        0x4 d:/at32/at32ide/platform/tools/gcc-arm-none-eabi-10.3-2021.10/bin/../lib/gcc/arm-none-eabi/10.3.1/thumb/v7e-m+fp/hard/crtbegin.o
                [!provide]                PROVIDE (__fini_array_end = .)
                0x08008544                _sidata = LOADADDR (.data)

.data           0x20000000      0x620 load address 0x08008544
                0x20000000                . = ALIGN (0x4)
                0x20000000                _sdata = .
 *(.data)
 .data          0x20000000        0x1 ./user/main.o
                0x20000000                g_speed
 *fill*         0x20000001        0x3 
 .data          0x20000004      0x420 ./firmware/xmc_lcd.o
                0x20000004                font8x8_basic_tr
                0x20000404                lcd_dev_struct
 .data          0x20000424        0x4 ./cmsis/system_at32f403a_407.o
                0x20000424                system_core_clock
 .data          0x20000428       0x21 ./bsp/at32f403a_407_board.o
                0x20000428                led_gpio_port
                0x20000434                led_gpio_pin
                0x2000043c                led_gpio_crm_clk
 *(.data*)
 *fill*         0x20000449        0x3 
 .data._impure_ptr
                0x2000044c        0x4 d:/at32/at32ide/platform/tools/gcc-arm-none-eabi-10.3-2021.10/bin/../lib/gcc/arm-none-eabi/10.3.1/../../../../arm-none-eabi/lib/thumb/v7e-m+fp/hard\libg_nano.a(lib_a-impure.o)
                0x2000044c                _impure_ptr
 .data.impure_data
                0x20000450       0x60 d:/at32/at32ide/platform/tools/gcc-arm-none-eabi-10.3-2021.10/bin/../lib/gcc/arm-none-eabi/10.3.1/../../../../arm-none-eabi/lib/thumb/v7e-m+fp/hard\libg_nano.a(lib_a-impure.o)
 .data.numempty
                0x200004b0        0x2 d:/at32/at32ide/platform/tools/gcc-arm-none-eabi-10.3-2021.10/bin/../lib/gcc/arm-none-eabi/10.3.1/../../../../arm-none-eabi/lib/thumb/v7e-m+fp/hard\libg_nano.a(lib_a-lnumeric.o)
 *fill*         0x200004b2        0x2 
 .data.__global_locale
                0x200004b4      0x16c d:/at32/at32ide/platform/tools/gcc-arm-none-eabi-10.3-2021.10/bin/../lib/gcc/arm-none-eabi/10.3.1/../../../../arm-none-eabi/lib/thumb/v7e-m+fp/hard\libg_nano.a(lib_a-locale.o)
                0x200004b4                __global_locale
                0x20000620                . = ALIGN (0x4)
                0x20000620                _edata = .
                0x08400000                _spim_init_base = LOADADDR (.spim)
                0x00000000                _spim_init_length = SIZEOF (.spim)

.igot.plt       0x20000620        0x0 load address 0x08008b64
 .igot.plt      0x20000620        0x0 d:/at32/at32ide/platform/tools/gcc-arm-none-eabi-10.3-2021.10/bin/../lib/gcc/arm-none-eabi/10.3.1/thumb/v7e-m+fp/hard/crtbegin.o

.spim           0x08400000        0x0
                0x08400000                . = ALIGN (0x4)
                0x08400000                _spim_start = .
 *(.spim)
 *(.spim*)
                0x08400000                . = ALIGN (0x4)
                0x08400000                _spim_end = .
                0x08400000                . = ALIGN (0x4)

.bss            0x20000620       0x5c
                0x20000620                _sbss = .
                0x20000620                __bss_start__ = _sbss
 *(.bss)
 .bss           0x20000620       0x1c d:/at32/at32ide/platform/tools/gcc-arm-none-eabi-10.3-2021.10/bin/../lib/gcc/arm-none-eabi/10.3.1/thumb/v7e-m+fp/hard/crtbegin.o
 .bss           0x2000063c       0x1a ./user/main.o
                0x2000063e                adc1_ordinary_value
                0x20000640                crm_clocks_freq_struct
                0x20000654                point_color
 *fill*         0x20000656        0x2 
 .bss           0x20000658        0x8 ./firmware/xmc_lcd.o
                0x2000065c                lcd_struct
 .bss           0x20000660        0x8 ./bsp/at32f403a_407_board.o
 *(.bss*)
 .bss.__lock___malloc_recursive_mutex
                0x20000668        0x1 d:/at32/at32ide/platform/tools/gcc-arm-none-eabi-10.3-2021.10/bin/../lib/gcc/arm-none-eabi/10.3.1/../../../../arm-none-eabi/lib/thumb/v7e-m+fp/hard\libg_nano.a(lib_a-lock.o)
                0x20000668                __lock___malloc_recursive_mutex
 .bss.__lock___sfp_recursive_mutex
                0x20000669        0x1 d:/at32/at32ide/platform/tools/gcc-arm-none-eabi-10.3-2021.10/bin/../lib/gcc/arm-none-eabi/10.3.1/../../../../arm-none-eabi/lib/thumb/v7e-m+fp/hard\libg_nano.a(lib_a-lock.o)
                0x20000669                __lock___sfp_recursive_mutex
 .bss.__lock___sinit_recursive_mutex
                0x2000066a        0x1 d:/at32/at32ide/platform/tools/gcc-arm-none-eabi-10.3-2021.10/bin/../lib/gcc/arm-none-eabi/10.3.1/../../../../arm-none-eabi/lib/thumb/v7e-m+fp/hard\libg_nano.a(lib_a-lock.o)
                0x2000066a                __lock___sinit_recursive_mutex
 *fill*         0x2000066b        0x1 
 .bss.__malloc_free_list
                0x2000066c        0x4 d:/at32/at32ide/platform/tools/gcc-arm-none-eabi-10.3-2021.10/bin/../lib/gcc/arm-none-eabi/10.3.1/../../../../arm-none-eabi/lib/thumb/v7e-m+fp/hard\libg_nano.a(lib_a-nano-mallocr.o)
                0x2000066c                __malloc_free_list
 .bss.__malloc_sbrk_start
                0x20000670        0x4 d:/at32/at32ide/platform/tools/gcc-arm-none-eabi-10.3-2021.10/bin/../lib/gcc/arm-none-eabi/10.3.1/../../../../arm-none-eabi/lib/thumb/v7e-m+fp/hard\libg_nano.a(lib_a-nano-mallocr.o)
                0x20000670                __malloc_sbrk_start
 .bss.errno     0x20000674        0x4 d:/at32/at32ide/platform/tools/gcc-arm-none-eabi-10.3-2021.10/bin/../lib/gcc/arm-none-eabi/10.3.1/../../../../arm-none-eabi/lib/thumb/v7e-m+fp/hard\libg_nano.a(lib_a-reent.o)
                0x20000674                errno
 .bss.heap_end.0
                0x20000678        0x4 d:/at32/at32ide/platform/tools/gcc-arm-none-eabi-10.3-2021.10/bin/../lib/gcc/arm-none-eabi/10.3.1/../../../../arm-none-eabi/lib/thumb/v7e-m+fp/hard\libnosys.a(sbrk.o)
 *(COMMON)
                0x2000067c                . = ALIGN (0x4)
                0x2000067c                _ebss = .
                0x2000067c                __bss_end__ = _ebss

._user_heap_stack
                0x2000067c      0x604
                0x20000680                . = ALIGN (0x8)
 *fill*         0x2000067c        0x4 
                0x20000680                PROVIDE (end = .)
                [!provide]                PROVIDE (_end = .)
                0x20000880                . = (. + _Min_Heap_Size)
 *fill*         0x20000680      0x200 
                0x20000c80                . = (. + _Min_Stack_Size)
 *fill*         0x20000880      0x400 
                0x20000c80                . = ALIGN (0x8)

/DISCARD/
 libc.a(*)
 libm.a(*)
 libgcc.a(*)

.ARM.attributes
                0x00000000       0x30
 *(.ARM.attributes)
 .ARM.attributes
                0x00000000       0x1e d:/at32/at32ide/platform/tools/gcc-arm-none-eabi-10.3-2021.10/bin/../lib/gcc/arm-none-eabi/10.3.1/thumb/v7e-m+fp/hard/crti.o
 .ARM.attributes
                0x0000001e       0x34 d:/at32/at32ide/platform/tools/gcc-arm-none-eabi-10.3-2021.10/bin/../lib/gcc/arm-none-eabi/10.3.1/thumb/v7e-m+fp/hard/crtbegin.o
 .ARM.attributes
                0x00000052       0x34 ./user/at32f403a_407_clock.o
 .ARM.attributes
                0x00000086       0x34 ./user/at32f403a_407_int.o
 .ARM.attributes
                0x000000ba       0x34 ./user/main.o
 .ARM.attributes
                0x000000ee       0x34 ./firmware/at32f403a_407_adc.o
 .ARM.attributes
                0x00000122       0x34 ./firmware/at32f403a_407_crm.o
 .ARM.attributes
                0x00000156       0x34 ./firmware/at32f403a_407_dma.o
 .ARM.attributes
                0x0000018a       0x34 ./firmware/at32f403a_407_exint.o
 .ARM.attributes
                0x000001be       0x34 ./firmware/at32f403a_407_gpio.o
 .ARM.attributes
                0x000001f2       0x34 ./firmware/at32f403a_407_misc.o
 .ARM.attributes
                0x00000226       0x34 ./firmware/at32f403a_407_usart.o
 .ARM.attributes
                0x0000025a       0x34 ./firmware/at32f403a_407_xmc.o
 .ARM.attributes
                0x0000028e       0x34 ./firmware/xmc_lcd.o
 .ARM.attributes
                0x000002c2       0x21 ./cmsis/startup_at32f403a_407.o
 .ARM.attributes
                0x000002e3       0x34 ./cmsis/system_at32f403a_407.o
 .ARM.attributes
                0x00000317       0x34 ./bsp/at32f403a_407_board.o
 .ARM.attributes
                0x0000034b       0x1e d:/at32/at32ide/platform/tools/gcc-arm-none-eabi-10.3-2021.10/bin/../lib/gcc/arm-none-eabi/10.3.1/thumb/v7e-m+fp/hard\libgcc.a(_arm_addsubdf3.o)
 .ARM.attributes
                0x00000369       0x1e d:/at32/at32ide/platform/tools/gcc-arm-none-eabi-10.3-2021.10/bin/../lib/gcc/arm-none-eabi/10.3.1/thumb/v7e-m+fp/hard\libgcc.a(_arm_muldivdf3.o)
 .ARM.attributes
                0x00000387       0x1e d:/at32/at32ide/platform/tools/gcc-arm-none-eabi-10.3-2021.10/bin/../lib/gcc/arm-none-eabi/10.3.1/thumb/v7e-m+fp/hard\libgcc.a(_arm_fixdfsi.o)
 .ARM.attributes
                0x000003a5       0x34 d:/at32/at32ide/platform/tools/gcc-arm-none-eabi-10.3-2021.10/bin/../lib/gcc/arm-none-eabi/10.3.1/../../../../arm-none-eabi/lib/thumb/v7e-m+fp/hard\libg_nano.a(lib_a-impure.o)
 .ARM.attributes
                0x000003d9       0x34 d:/at32/at32ide/platform/tools/gcc-arm-none-eabi-10.3-2021.10/bin/../lib/gcc/arm-none-eabi/10.3.1/../../../../arm-none-eabi/lib/thumb/v7e-m+fp/hard\libg_nano.a(lib_a-init.o)
 .ARM.attributes
                0x0000040d       0x34 d:/at32/at32ide/platform/tools/gcc-arm-none-eabi-10.3-2021.10/bin/../lib/gcc/arm-none-eabi/10.3.1/../../../../arm-none-eabi/lib/thumb/v7e-m+fp/hard\libg_nano.a(lib_a-memset.o)
 .ARM.attributes
                0x00000441       0x34 d:/at32/at32ide/platform/tools/gcc-arm-none-eabi-10.3-2021.10/bin/../lib/gcc/arm-none-eabi/10.3.1/../../../../arm-none-eabi/lib/thumb/v7e-m+fp/hard\libg_nano.a(lib_a-nano-vfprintf_float.o)
 .ARM.attributes
                0x00000475       0x34 d:/at32/at32ide/platform/tools/gcc-arm-none-eabi-10.3-2021.10/bin/../lib/gcc/arm-none-eabi/10.3.1/../../../../arm-none-eabi/lib/thumb/v7e-m+fp/hard\libg_nano.a(lib_a-nano-vfprintf_i.o)
 .ARM.attributes
                0x000004a9       0x34 d:/at32/at32ide/platform/tools/gcc-arm-none-eabi-10.3-2021.10/bin/../lib/gcc/arm-none-eabi/10.3.1/../../../../arm-none-eabi/lib/thumb/v7e-m+fp/hard\libg_nano.a(lib_a-nano-vfscanf_float.o)
 .ARM.attributes
                0x000004dd       0x34 d:/at32/at32ide/platform/tools/gcc-arm-none-eabi-10.3-2021.10/bin/../lib/gcc/arm-none-eabi/10.3.1/../../../../arm-none-eabi/lib/thumb/v7e-m+fp/hard\libg_nano.a(lib_a-printf.o)
 .ARM.attributes
                0x00000511       0x34 d:/at32/at32ide/platform/tools/gcc-arm-none-eabi-10.3-2021.10/bin/../lib/gcc/arm-none-eabi/10.3.1/../../../../arm-none-eabi/lib/thumb/v7e-m+fp/hard\libg_nano.a(lib_a-puts.o)
 .ARM.attributes
                0x00000545       0x34 d:/at32/at32ide/platform/tools/gcc-arm-none-eabi-10.3-2021.10/bin/../lib/gcc/arm-none-eabi/10.3.1/../../../../arm-none-eabi/lib/thumb/v7e-m+fp/hard\libg_nano.a(lib_a-sf_nan.o)
 .ARM.attributes
                0x00000579       0x34 d:/at32/at32ide/platform/tools/gcc-arm-none-eabi-10.3-2021.10/bin/../lib/gcc/arm-none-eabi/10.3.1/../../../../arm-none-eabi/lib/thumb/v7e-m+fp/hard\libg_nano.a(lib_a-sprintf.o)
 .ARM.attributes
                0x000005ad       0x17 d:/at32/at32ide/platform/tools/gcc-arm-none-eabi-10.3-2021.10/bin/../lib/gcc/arm-none-eabi/10.3.1/../../../../arm-none-eabi/lib/thumb/v7e-m+fp/hard\libg_nano.a(lib_a-strlen.o)
 .ARM.attributes
                0x000005c4       0x34 d:/at32/at32ide/platform/tools/gcc-arm-none-eabi-10.3-2021.10/bin/../lib/gcc/arm-none-eabi/10.3.1/../../../../arm-none-eabi/lib/thumb/v7e-m+fp/hard\libg_nano.a(lib_a-strtod.o)
 .ARM.attributes
                0x000005f8       0x34 d:/at32/at32ide/platform/tools/gcc-arm-none-eabi-10.3-2021.10/bin/../lib/gcc/arm-none-eabi/10.3.1/../../../../arm-none-eabi/lib/thumb/v7e-m+fp/hard\libg_nano.a(lib_a-strtol.o)
 .ARM.attributes
                0x0000062c       0x34 d:/at32/at32ide/platform/tools/gcc-arm-none-eabi-10.3-2021.10/bin/../lib/gcc/arm-none-eabi/10.3.1/../../../../arm-none-eabi/lib/thumb/v7e-m+fp/hard\libg_nano.a(lib_a-wbuf.o)
 .ARM.attributes
                0x00000660       0x34 d:/at32/at32ide/platform/tools/gcc-arm-none-eabi-10.3-2021.10/bin/../lib/gcc/arm-none-eabi/10.3.1/../../../../arm-none-eabi/lib/thumb/v7e-m+fp/hard\libg_nano.a(lib_a-wsetup.o)
 .ARM.attributes
                0x00000694       0x34 d:/at32/at32ide/platform/tools/gcc-arm-none-eabi-10.3-2021.10/bin/../lib/gcc/arm-none-eabi/10.3.1/../../../../arm-none-eabi/lib/thumb/v7e-m+fp/hard\libg_nano.a(lib_a-ctype_.o)
 .ARM.attributes
                0x000006c8       0x34 d:/at32/at32ide/platform/tools/gcc-arm-none-eabi-10.3-2021.10/bin/../lib/gcc/arm-none-eabi/10.3.1/../../../../arm-none-eabi/lib/thumb/v7e-m+fp/hard\libg_nano.a(lib_a-dtoa.o)
 .ARM.attributes
                0x000006fc       0x34 d:/at32/at32ide/platform/tools/gcc-arm-none-eabi-10.3-2021.10/bin/../lib/gcc/arm-none-eabi/10.3.1/../../../../arm-none-eabi/lib/thumb/v7e-m+fp/hard\libg_nano.a(lib_a-errno.o)
 .ARM.attributes
                0x00000730       0x34 d:/at32/at32ide/platform/tools/gcc-arm-none-eabi-10.3-2021.10/bin/../lib/gcc/arm-none-eabi/10.3.1/../../../../arm-none-eabi/lib/thumb/v7e-m+fp/hard\libg_nano.a(lib_a-fflush.o)
 .ARM.attributes
                0x00000764       0x34 d:/at32/at32ide/platform/tools/gcc-arm-none-eabi-10.3-2021.10/bin/../lib/gcc/arm-none-eabi/10.3.1/../../../../arm-none-eabi/lib/thumb/v7e-m+fp/hard\libg_nano.a(lib_a-findfp.o)
 .ARM.attributes
                0x00000798       0x34 d:/at32/at32ide/platform/tools/gcc-arm-none-eabi-10.3-2021.10/bin/../lib/gcc/arm-none-eabi/10.3.1/../../../../arm-none-eabi/lib/thumb/v7e-m+fp/hard\libg_nano.a(lib_a-fwalk.o)
 .ARM.attributes
                0x000007cc       0x34 d:/at32/at32ide/platform/tools/gcc-arm-none-eabi-10.3-2021.10/bin/../lib/gcc/arm-none-eabi/10.3.1/../../../../arm-none-eabi/lib/thumb/v7e-m+fp/hard\libg_nano.a(lib_a-gdtoa-gethex.o)
 .ARM.attributes
                0x00000800       0x34 d:/at32/at32ide/platform/tools/gcc-arm-none-eabi-10.3-2021.10/bin/../lib/gcc/arm-none-eabi/10.3.1/../../../../arm-none-eabi/lib/thumb/v7e-m+fp/hard\libg_nano.a(lib_a-gdtoa-hexnan.o)
 .ARM.attributes
                0x00000834       0x34 d:/at32/at32ide/platform/tools/gcc-arm-none-eabi-10.3-2021.10/bin/../lib/gcc/arm-none-eabi/10.3.1/../../../../arm-none-eabi/lib/thumb/v7e-m+fp/hard\libg_nano.a(lib_a-lnumeric.o)
 .ARM.attributes
                0x00000868       0x34 d:/at32/at32ide/platform/tools/gcc-arm-none-eabi-10.3-2021.10/bin/../lib/gcc/arm-none-eabi/10.3.1/../../../../arm-none-eabi/lib/thumb/v7e-m+fp/hard\libg_nano.a(lib_a-locale.o)
 .ARM.attributes
                0x0000089c       0x34 d:/at32/at32ide/platform/tools/gcc-arm-none-eabi-10.3-2021.10/bin/../lib/gcc/arm-none-eabi/10.3.1/../../../../arm-none-eabi/lib/thumb/v7e-m+fp/hard\libg_nano.a(lib_a-localeconv.o)
 .ARM.attributes
                0x000008d0       0x34 d:/at32/at32ide/platform/tools/gcc-arm-none-eabi-10.3-2021.10/bin/../lib/gcc/arm-none-eabi/10.3.1/../../../../arm-none-eabi/lib/thumb/v7e-m+fp/hard\libg_nano.a(lib_a-lock.o)
 .ARM.attributes
                0x00000904       0x34 d:/at32/at32ide/platform/tools/gcc-arm-none-eabi-10.3-2021.10/bin/../lib/gcc/arm-none-eabi/10.3.1/../../../../arm-none-eabi/lib/thumb/v7e-m+fp/hard\libg_nano.a(lib_a-makebuf.o)
 .ARM.attributes
                0x00000938       0x34 d:/at32/at32ide/platform/tools/gcc-arm-none-eabi-10.3-2021.10/bin/../lib/gcc/arm-none-eabi/10.3.1/../../../../arm-none-eabi/lib/thumb/v7e-m+fp/hard\libg_nano.a(lib_a-malloc.o)
 .ARM.attributes
                0x0000096c       0x34 d:/at32/at32ide/platform/tools/gcc-arm-none-eabi-10.3-2021.10/bin/../lib/gcc/arm-none-eabi/10.3.1/../../../../arm-none-eabi/lib/thumb/v7e-m+fp/hard\libg_nano.a(lib_a-mbtowc_r.o)
 .ARM.attributes
                0x000009a0       0x1c d:/at32/at32ide/platform/tools/gcc-arm-none-eabi-10.3-2021.10/bin/../lib/gcc/arm-none-eabi/10.3.1/../../../../arm-none-eabi/lib/thumb/v7e-m+fp/hard\libg_nano.a(lib_a-memchr.o)
 .ARM.attributes
                0x000009bc       0x34 d:/at32/at32ide/platform/tools/gcc-arm-none-eabi-10.3-2021.10/bin/../lib/gcc/arm-none-eabi/10.3.1/../../../../arm-none-eabi/lib/thumb/v7e-m+fp/hard\libg_nano.a(lib_a-memcpy-stub.o)
 .ARM.attributes
                0x000009f0       0x34 d:/at32/at32ide/platform/tools/gcc-arm-none-eabi-10.3-2021.10/bin/../lib/gcc/arm-none-eabi/10.3.1/../../../../arm-none-eabi/lib/thumb/v7e-m+fp/hard\libg_nano.a(lib_a-mprec.o)
 .ARM.attributes
                0x00000a24       0x34 d:/at32/at32ide/platform/tools/gcc-arm-none-eabi-10.3-2021.10/bin/../lib/gcc/arm-none-eabi/10.3.1/../../../../arm-none-eabi/lib/thumb/v7e-m+fp/hard\libg_nano.a(lib_a-nano-callocr.o)
 .ARM.attributes
                0x00000a58       0x34 d:/at32/at32ide/platform/tools/gcc-arm-none-eabi-10.3-2021.10/bin/../lib/gcc/arm-none-eabi/10.3.1/../../../../arm-none-eabi/lib/thumb/v7e-m+fp/hard\libg_nano.a(lib_a-nano-freer.o)
 .ARM.attributes
                0x00000a8c       0x34 d:/at32/at32ide/platform/tools/gcc-arm-none-eabi-10.3-2021.10/bin/../lib/gcc/arm-none-eabi/10.3.1/../../../../arm-none-eabi/lib/thumb/v7e-m+fp/hard\libg_nano.a(lib_a-nano-mallocr.o)
 .ARM.attributes
                0x00000ac0       0x34 d:/at32/at32ide/platform/tools/gcc-arm-none-eabi-10.3-2021.10/bin/../lib/gcc/arm-none-eabi/10.3.1/../../../../arm-none-eabi/lib/thumb/v7e-m+fp/hard\libg_nano.a(lib_a-nano-svfprintf.o)
 .ARM.attributes
                0x00000af4       0x34 d:/at32/at32ide/platform/tools/gcc-arm-none-eabi-10.3-2021.10/bin/../lib/gcc/arm-none-eabi/10.3.1/../../../../arm-none-eabi/lib/thumb/v7e-m+fp/hard\libg_nano.a(lib_a-nano-vfprintf.o)
 .ARM.attributes
                0x00000b28       0x34 d:/at32/at32ide/platform/tools/gcc-arm-none-eabi-10.3-2021.10/bin/../lib/gcc/arm-none-eabi/10.3.1/../../../../arm-none-eabi/lib/thumb/v7e-m+fp/hard\libg_nano.a(lib_a-s_nan.o)
 .ARM.attributes
                0x00000b5c       0x34 d:/at32/at32ide/platform/tools/gcc-arm-none-eabi-10.3-2021.10/bin/../lib/gcc/arm-none-eabi/10.3.1/../../../../arm-none-eabi/lib/thumb/v7e-m+fp/hard\libg_nano.a(lib_a-sbrkr.o)
 .ARM.attributes
                0x00000b90       0x34 d:/at32/at32ide/platform/tools/gcc-arm-none-eabi-10.3-2021.10/bin/../lib/gcc/arm-none-eabi/10.3.1/../../../../arm-none-eabi/lib/thumb/v7e-m+fp/hard\libg_nano.a(lib_a-stdio.o)
 .ARM.attributes
                0x00000bc4       0x34 d:/at32/at32ide/platform/tools/gcc-arm-none-eabi-10.3-2021.10/bin/../lib/gcc/arm-none-eabi/10.3.1/../../../../arm-none-eabi/lib/thumb/v7e-m+fp/hard\libg_nano.a(lib_a-strncmp.o)
 .ARM.attributes
                0x00000bf8       0x34 d:/at32/at32ide/platform/tools/gcc-arm-none-eabi-10.3-2021.10/bin/../lib/gcc/arm-none-eabi/10.3.1/../../../../arm-none-eabi/lib/thumb/v7e-m+fp/hard\libg_nano.a(lib_a-wctomb_r.o)
 .ARM.attributes
                0x00000c2c       0x34 d:/at32/at32ide/platform/tools/gcc-arm-none-eabi-10.3-2021.10/bin/../lib/gcc/arm-none-eabi/10.3.1/../../../../arm-none-eabi/lib/thumb/v7e-m+fp/hard\libg_nano.a(lib_a-writer.o)
 .ARM.attributes
                0x00000c60       0x34 d:/at32/at32ide/platform/tools/gcc-arm-none-eabi-10.3-2021.10/bin/../lib/gcc/arm-none-eabi/10.3.1/../../../../arm-none-eabi/lib/thumb/v7e-m+fp/hard\libg_nano.a(lib_a-assert.o)
 .ARM.attributes
                0x00000c94       0x34 d:/at32/at32ide/platform/tools/gcc-arm-none-eabi-10.3-2021.10/bin/../lib/gcc/arm-none-eabi/10.3.1/../../../../arm-none-eabi/lib/thumb/v7e-m+fp/hard\libg_nano.a(lib_a-closer.o)
 .ARM.attributes
                0x00000cc8       0x34 d:/at32/at32ide/platform/tools/gcc-arm-none-eabi-10.3-2021.10/bin/../lib/gcc/arm-none-eabi/10.3.1/../../../../arm-none-eabi/lib/thumb/v7e-m+fp/hard\libg_nano.a(lib_a-fprintf.o)
 .ARM.attributes
                0x00000cfc       0x34 d:/at32/at32ide/platform/tools/gcc-arm-none-eabi-10.3-2021.10/bin/../lib/gcc/arm-none-eabi/10.3.1/../../../../arm-none-eabi/lib/thumb/v7e-m+fp/hard\libg_nano.a(lib_a-fstatr.o)
 .ARM.attributes
                0x00000d30       0x34 d:/at32/at32ide/platform/tools/gcc-arm-none-eabi-10.3-2021.10/bin/../lib/gcc/arm-none-eabi/10.3.1/../../../../arm-none-eabi/lib/thumb/v7e-m+fp/hard\libg_nano.a(lib_a-isattyr.o)
 .ARM.attributes
                0x00000d64       0x34 d:/at32/at32ide/platform/tools/gcc-arm-none-eabi-10.3-2021.10/bin/../lib/gcc/arm-none-eabi/10.3.1/../../../../arm-none-eabi/lib/thumb/v7e-m+fp/hard\libg_nano.a(lib_a-lseekr.o)
 .ARM.attributes
                0x00000d98       0x34 d:/at32/at32ide/platform/tools/gcc-arm-none-eabi-10.3-2021.10/bin/../lib/gcc/arm-none-eabi/10.3.1/../../../../arm-none-eabi/lib/thumb/v7e-m+fp/hard\libg_nano.a(lib_a-memmove.o)
 .ARM.attributes
                0x00000dcc       0x34 d:/at32/at32ide/platform/tools/gcc-arm-none-eabi-10.3-2021.10/bin/../lib/gcc/arm-none-eabi/10.3.1/../../../../arm-none-eabi/lib/thumb/v7e-m+fp/hard\libg_nano.a(lib_a-mlock.o)
 .ARM.attributes
                0x00000e00       0x34 d:/at32/at32ide/platform/tools/gcc-arm-none-eabi-10.3-2021.10/bin/../lib/gcc/arm-none-eabi/10.3.1/../../../../arm-none-eabi/lib/thumb/v7e-m+fp/hard\libg_nano.a(lib_a-nano-reallocr.o)
 .ARM.attributes
                0x00000e34       0x34 d:/at32/at32ide/platform/tools/gcc-arm-none-eabi-10.3-2021.10/bin/../lib/gcc/arm-none-eabi/10.3.1/../../../../arm-none-eabi/lib/thumb/v7e-m+fp/hard\libg_nano.a(lib_a-readr.o)
 .ARM.attributes
                0x00000e68       0x34 d:/at32/at32ide/platform/tools/gcc-arm-none-eabi-10.3-2021.10/bin/../lib/gcc/arm-none-eabi/10.3.1/../../../../arm-none-eabi/lib/thumb/v7e-m+fp/hard\libg_nano.a(lib_a-reent.o)
 .ARM.attributes
                0x00000e9c       0x34 d:/at32/at32ide/platform/tools/gcc-arm-none-eabi-10.3-2021.10/bin/../lib/gcc/arm-none-eabi/10.3.1/../../../../arm-none-eabi/lib/thumb/v7e-m+fp/hard\libg_nano.a(lib_a-abort.o)
 .ARM.attributes
                0x00000ed0       0x34 d:/at32/at32ide/platform/tools/gcc-arm-none-eabi-10.3-2021.10/bin/../lib/gcc/arm-none-eabi/10.3.1/../../../../arm-none-eabi/lib/thumb/v7e-m+fp/hard\libg_nano.a(lib_a-nano-msizer.o)
 .ARM.attributes
                0x00000f04       0x34 d:/at32/at32ide/platform/tools/gcc-arm-none-eabi-10.3-2021.10/bin/../lib/gcc/arm-none-eabi/10.3.1/../../../../arm-none-eabi/lib/thumb/v7e-m+fp/hard\libg_nano.a(lib_a-signal.o)
 .ARM.attributes
                0x00000f38       0x34 d:/at32/at32ide/platform/tools/gcc-arm-none-eabi-10.3-2021.10/bin/../lib/gcc/arm-none-eabi/10.3.1/../../../../arm-none-eabi/lib/thumb/v7e-m+fp/hard\libg_nano.a(lib_a-signalr.o)
 .ARM.attributes
                0x00000f6c       0x1e d:/at32/at32ide/platform/tools/gcc-arm-none-eabi-10.3-2021.10/bin/../lib/gcc/arm-none-eabi/10.3.1/thumb/v7e-m+fp/hard\libgcc.a(_arm_cmpdf2.o)
 .ARM.attributes
                0x00000f8a       0x1e d:/at32/at32ide/platform/tools/gcc-arm-none-eabi-10.3-2021.10/bin/../lib/gcc/arm-none-eabi/10.3.1/thumb/v7e-m+fp/hard\libgcc.a(_arm_unorddf2.o)
 .ARM.attributes
                0x00000fa8       0x1e d:/at32/at32ide/platform/tools/gcc-arm-none-eabi-10.3-2021.10/bin/../lib/gcc/arm-none-eabi/10.3.1/thumb/v7e-m+fp/hard\libgcc.a(_arm_fixunsdfsi.o)
 .ARM.attributes
                0x00000fc6       0x1e d:/at32/at32ide/platform/tools/gcc-arm-none-eabi-10.3-2021.10/bin/../lib/gcc/arm-none-eabi/10.3.1/thumb/v7e-m+fp/hard\libgcc.a(_arm_truncdfsf2.o)
 .ARM.attributes
                0x00000fe4       0x34 d:/at32/at32ide/platform/tools/gcc-arm-none-eabi-10.3-2021.10/bin/../lib/gcc/arm-none-eabi/10.3.1/thumb/v7e-m+fp/hard\libgcc.a(_fixdfdi.o)
 .ARM.attributes
                0x00001018       0x34 d:/at32/at32ide/platform/tools/gcc-arm-none-eabi-10.3-2021.10/bin/../lib/gcc/arm-none-eabi/10.3.1/thumb/v7e-m+fp/hard\libgcc.a(_fixunsdfdi.o)
 .ARM.attributes
                0x0000104c       0x34 d:/at32/at32ide/platform/tools/gcc-arm-none-eabi-10.3-2021.10/bin/../lib/gcc/arm-none-eabi/10.3.1/../../../../arm-none-eabi/lib/thumb/v7e-m+fp/hard\libnosys.a(close.o)
 .ARM.attributes